Archive member included to satisfy reference by file (symbol)

C:\Users\brews\AppData\Local\arduino\sketches\D313FFA426ACAB69CD5A148870DF315B/..\..\cores\arduino_samd_arduino_zero_native_6ecdf848757e303adc3bde4750780c31\core.a(SERCOM.cpp.o)
                              C:\Users\brews\AppData\Local\arduino\sketches\D313FFA426ACAB69CD5A148870DF315B\core\variant.cpp.o (SERCOM::SERCOM(Sercom*))
C:\Users\brews\AppData\Local\arduino\sketches\D313FFA426ACAB69CD5A148870DF315B/..\..\cores\arduino_samd_arduino_zero_native_6ecdf848757e303adc3bde4750780c31\core.a(Uart.cpp.o)
                              C:\Users\brews\AppData\Local\arduino\sketches\D313FFA426ACAB69CD5A148870DF315B\core\variant.cpp.o (Uart::Uart(SERCOM*, unsigned char, unsigned char, SercomRXPad, SercomUartTXPad))
C:\Users\brews\AppData\Local\arduino\sketches\D313FFA426ACAB69CD5A148870DF315B/..\..\cores\arduino_samd_arduino_zero_native_6ecdf848757e303adc3bde4750780c31\core.a(Print.cpp.o)
                              C:\Users\brews\AppData\Local\arduino\sketches\D313FFA426ACAB69CD5A148870DF315B/..\..\cores\arduino_samd_arduino_zero_native_6ecdf848757e303adc3bde4750780c31\core.a(Uart.cpp.o) (arduino::Print::write(unsigned char const*, unsigned int))
C:\Users\brews\AppData\Local\arduino\sketches\D313FFA426ACAB69CD5A148870DF315B/..\..\cores\arduino_samd_arduino_zero_native_6ecdf848757e303adc3bde4750780c31\core.a(cortex_handlers.c.o)
                              (Reset_Handler)
C:\Users\brews\AppData\Local\arduino\sketches\D313FFA426ACAB69CD5A148870DF315B/..\..\cores\arduino_samd_arduino_zero_native_6ecdf848757e303adc3bde4750780c31\core.a(delay.c.o)
                              C:\Users\brews\AppData\Local\arduino\sketches\D313FFA426ACAB69CD5A148870DF315B\sketch\SAMD21J18_Blinky.ino.cpp.o (delay)
C:\Users\brews\AppData\Local\arduino\sketches\D313FFA426ACAB69CD5A148870DF315B/..\..\cores\arduino_samd_arduino_zero_native_6ecdf848757e303adc3bde4750780c31\core.a(hooks.c.o)
                              C:\Users\brews\AppData\Local\arduino\sketches\D313FFA426ACAB69CD5A148870DF315B/..\..\cores\arduino_samd_arduino_zero_native_6ecdf848757e303adc3bde4750780c31\core.a(delay.c.o) (yield)
C:\Users\brews\AppData\Local\arduino\sketches\D313FFA426ACAB69CD5A148870DF315B/..\..\cores\arduino_samd_arduino_zero_native_6ecdf848757e303adc3bde4750780c31\core.a(main.cpp.o)
                              c:/users/brews/appdata/local/arduino15/packages/arduino/tools/arm-none-eabi-gcc/7-2017q4/bin/../lib/gcc/arm-none-eabi/7.2.1/../../../../arm-none-eabi/lib/thumb/v6-m/crt0.o (main)
C:\Users\brews\AppData\Local\arduino\sketches\D313FFA426ACAB69CD5A148870DF315B/..\..\cores\arduino_samd_arduino_zero_native_6ecdf848757e303adc3bde4750780c31\core.a(startup.c.o)
                              C:\Users\brews\AppData\Local\arduino\sketches\D313FFA426ACAB69CD5A148870DF315B/..\..\cores\arduino_samd_arduino_zero_native_6ecdf848757e303adc3bde4750780c31\core.a(cortex_handlers.c.o) (SystemInit)
C:\Users\brews\AppData\Local\arduino\sketches\D313FFA426ACAB69CD5A148870DF315B/..\..\cores\arduino_samd_arduino_zero_native_6ecdf848757e303adc3bde4750780c31\core.a(wiring.c.o)
                              C:\Users\brews\AppData\Local\arduino\sketches\D313FFA426ACAB69CD5A148870DF315B/..\..\cores\arduino_samd_arduino_zero_native_6ecdf848757e303adc3bde4750780c31\core.a(main.cpp.o) (init)
C:\Users\brews\AppData\Local\arduino\sketches\D313FFA426ACAB69CD5A148870DF315B/..\..\cores\arduino_samd_arduino_zero_native_6ecdf848757e303adc3bde4750780c31\core.a(wiring_analog.c.o)
                              C:\Users\brews\AppData\Local\arduino\sketches\D313FFA426ACAB69CD5A148870DF315B/..\..\cores\arduino_samd_arduino_zero_native_6ecdf848757e303adc3bde4750780c31\core.a(wiring.c.o) (analogReference)
C:\Users\brews\AppData\Local\arduino\sketches\D313FFA426ACAB69CD5A148870DF315B/..\..\cores\arduino_samd_arduino_zero_native_6ecdf848757e303adc3bde4750780c31\core.a(wiring_digital.c.o)
                              C:\Users\brews\AppData\Local\arduino\sketches\D313FFA426ACAB69CD5A148870DF315B/..\..\cores\arduino_samd_arduino_zero_native_6ecdf848757e303adc3bde4750780c31\core.a(Uart.cpp.o) (pinMode)
C:\Users\brews\AppData\Local\arduino\sketches\D313FFA426ACAB69CD5A148870DF315B/..\..\cores\arduino_samd_arduino_zero_native_6ecdf848757e303adc3bde4750780c31\core.a(wiring_private.c.o)
                              C:\Users\brews\AppData\Local\arduino\sketches\D313FFA426ACAB69CD5A148870DF315B/..\..\cores\arduino_samd_arduino_zero_native_6ecdf848757e303adc3bde4750780c31\core.a(Uart.cpp.o) (pinPeripheral)
C:\Users\brews\AppData\Local\arduino\sketches\D313FFA426ACAB69CD5A148870DF315B/..\..\cores\arduino_samd_arduino_zero_native_6ecdf848757e303adc3bde4750780c31\core.a(Reset.cpp.o)
                              C:\Users\brews\AppData\Local\arduino\sketches\D313FFA426ACAB69CD5A148870DF315B/..\..\cores\arduino_samd_arduino_zero_native_6ecdf848757e303adc3bde4750780c31\core.a(delay.c.o) (tickReset)
[...]
Memory Configuration

Name             Origin             Length             Attributes
FLASH            0x00002000         0x0003e000         xr
RAM              0x20000000         0x00008000         xrw
*default*        0x00000000         0xffffffff

Linker script and memory map

LOAD c:/users/brews/appdata/local/arduino15/packages/arduino/tools/arm-none-eabi-gcc/7-2017q4/bin/../lib/gcc/arm-none-eabi/7.2.1/thumb/v6-m/crti.o
LOAD c:/users/brews/appdata/local/arduino15/packages/arduino/tools/arm-none-eabi-gcc/7-2017q4/bin/../lib/gcc/arm-none-eabi/7.2.1/thumb/v6-m/crtbegin.o
LOAD c:/users/brews/appdata/local/arduino15/packages/arduino/tools/arm-none-eabi-gcc/7-2017q4/bin/../lib/gcc/arm-none-eabi/7.2.1/../../../../arm-none-eabi/lib/thumb/v6-m/crt0.o
LOAD C:\Users\brews\AppData\Local\arduino\sketches\D313FFA426ACAB69CD5A148870DF315B\sketch\SAMD21J18_Blinky.ino.cpp.o
LOAD C:\Users\brews\AppData\Local\arduino\sketches\D313FFA426ACAB69CD5A148870DF315B\core\variant.cpp.o
START GROUP
LOAD C:\Users\brews\AppData\Local\Arduino15\packages\arduino\tools\CMSIS\4.5.0/CMSIS/Lib/GCC/\libarm_cortexM0l_math.a
LOAD C:\Users\brews\AppData\Local\arduino\sketches\D313FFA426ACAB69CD5A148870DF315B/..\..\cores\arduino_samd_arduino_zero_native_6ecdf848757e303adc3bde4750780c31\core.a
END GROUP
LOAD c:/users/brews/appdata/local/arduino15/packages/arduino/tools/arm-none-eabi-gcc/7-2017q4/bin/../lib/gcc/arm-none-eabi/7.2.1/../../../../arm-none-eabi/lib/thumb/v6-m\libstdc++_nano.a
LOAD c:/users/brews/appdata/local/arduino15/packages/arduino/tools/arm-none-eabi-gcc/7-2017q4/bin/../lib/gcc/arm-none-eabi/7.2.1/../../../../arm-none-eabi/lib/thumb/v6-m\libm.a
START GROUP
LOAD c:/users/brews/appdata/local/arduino15/packages/arduino/tools/arm-none-eabi-gcc/7-2017q4/bin/../lib/gcc/arm-none-eabi/7.2.1/thumb/v6-m\libgcc.a
LOAD c:/users/brews/appdata/local/arduino15/packages/arduino/tools/arm-none-eabi-gcc/7-2017q4/bin/../lib/gcc/arm-none-eabi/7.2.1/../../../../arm-none-eabi/lib/thumb/v6-m\libc_nano.a
END GROUP
START GROUP
LOAD c:/users/brews/appdata/local/arduino15/packages/arduino/tools/arm-none-eabi-gcc/7-2017q4/bin/../lib/gcc/arm-none-eabi/7.2.1/thumb/v6-m\libgcc.a
LOAD c:/users/brews/appdata/local/arduino15/packages/arduino/tools/arm-none-eabi-gcc/7-2017q4/bin/../lib/gcc/arm-none-eabi/7.2.1/../../../../arm-none-eabi/lib/thumb/v6-m\libc_nano.a
LOAD c:/users/brews/appdata/local/arduino15/packages/arduino/tools/arm-none-eabi-gcc/7-2017q4/bin/../lib/gcc/arm-none-eabi/7.2.1/../../../../arm-none-eabi/lib/thumb/v6-m\libnosys.a
END GROUP
START GROUP
LOAD c:/users/brews/appdata/local/arduino15/packages/arduino/tools/arm-none-eabi-gcc/7-2017q4/bin/../lib/gcc/arm-none-eabi/7.2.1/thumb/v6-m\libgcc.a
LOAD c:/users/brews/appdata/local/arduino15/packages/arduino/tools/arm-none-eabi-gcc/7-2017q4/bin/../lib/gcc/arm-none-eabi/7.2.1/../../../../arm-none-eabi/lib/thumb/v6-m\libc_nano.a
LOAD c:/users/brews/appdata/local/arduino15/packages/arduino/tools/arm-none-eabi-gcc/7-2017q4/bin/../lib/gcc/arm-none-eabi/7.2.1/../../../../arm-none-eabi/lib/thumb/v6-m\libnosys.a
END GROUP
LOAD c:/users/brews/appdata/local/arduino15/packages/arduino/tools/arm-none-eabi-gcc/7-2017q4/bin/../lib/gcc/arm-none-eabi/7.2.1/thumb/v6-m/crtend.o
LOAD c:/users/brews/appdata/local/arduino15/packages/arduino/tools/arm-none-eabi-gcc/7-2017q4/bin/../lib/gcc/arm-none-eabi/7.2.1/thumb/v6-m/crtn.o

.text           0x00002000     0x2cf4
                0x00002000                __text_start__ = .
 *(.sketch_boot)
                0x00002000                . = ALIGN (0x2000)
 *(.isr_vector)
 .isr_vector    0x00002000       0xb4 C:\Users\brews\AppData\Local\arduino\sketches\D313FFA426ACAB69CD5A148870DF315B/..\..\cores\arduino_samd_arduino_zero_native_6ecdf848757e303adc3bde4750780c31\core.a(cortex_handlers.c.o)
                0x00002000                exception_table
 *(.text*)
 .text          0x000020b4       0x48 c:/users/brews/appdata/local/arduino15/packages/arduino/tools/arm-none-eabi-gcc/7-2017q4/bin/../lib/gcc/arm-none-eabi/7.2.1/thumb/v6-m/crtbegin.o
 .text.setup    0x000020fc       0x10 C:\Users\brews\AppData\Local\arduino\sketches\D313FFA426ACAB69CD5A148870DF315B\sketch\SAMD21J18_Blinky.ino.cpp.o
                0x000020fc                setup
 .text.loop     0x0000210c       0x18 C:\Users\brews\AppData\Local\arduino\sketches\D313FFA426ACAB69CD5A148870DF315B\sketch\SAMD21J18_Blinky.ino.cpp.o
                0x0000210c                loop
 .text.SERCOM0_Handler
                0x00002124       0x10 C:\Users\brews\AppData\Local\arduino\sketches\D313FFA426ACAB69CD5A148870DF315B\core\variant.cpp.o
                0x00002124                SERCOM0_Handler
 .text.SERCOM5_Handler
                0x00002134       0x10 C:\Users\brews\AppData\Local\arduino\sketches\D313FFA426ACAB69CD5A148870DF315B\core\variant.cpp.o
                0x00002134                SERCOM5_Handler
 .text.startup._GLOBAL__sub_I_g_APinDescription
                0x00002144       0x94 C:\Users\brews\AppData\Local\arduino\sketches\D313FFA426ACAB69CD5A148870DF315B\core\variant.cpp.o
 .text._ZN6SERCOMC2EP6Sercom
                0x000021d8        0x8 C:\Users\brews\AppData\Local\arduino\sketches\D313FFA426ACAB69CD5A148870DF315B/..\..\cores\arduino_samd_arduino_zero_native_6ecdf848757e303adc3bde4750780c31\core.a(SERCOM.cpp.o)
                0x000021d8                SERCOM::SERCOM(Sercom*)
                0x000021d8                SERCOM::SERCOM(Sercom*)
 .text._ZN6SERCOM9initFrameE18SercomUartCharSize15SercomDataOrder16SercomParityMode19SercomNumberStopBit
                0x000021e0       0x3a C:\Users\brews\AppData\Local\arduino\sketches\D313FFA426ACAB69CD5A148870DF315B/..\..\cores\arduino_samd_arduino_zero_native_6ecdf848757e303adc3bde4750780c31\core.a(SERCOM.cpp.o)
                0x000021e0                SERCOM::initFrame(SercomUartCharSize, SercomDataOrder, SercomParityMode, SercomNumberStopBit)
 .text._ZN6SERCOM8initPadsE15SercomUartTXPad11SercomRXPad
                0x0000221a       0x26 C:\Users\brews\AppData\Local\arduino\sketches\D313FFA426ACAB69CD5A148870DF315B/..\..\cores\arduino_samd_arduino_zero_native_6ecdf848757e303adc3bde4750780c31\core.a(SERCOM.cpp.o)
                0x0000221a                SERCOM::initPads(SercomUartTXPad, SercomRXPad)
 .text._ZN6SERCOM9resetUARTEv
                0x00002240       0x1a C:\Users\brews\AppData\Local\arduino\sketches\D313FFA426ACAB69CD5A148870DF315B/..\..\cores\arduino_samd_arduino_zero_native_6ecdf848757e303adc3bde4750780c31\core.a(SERCOM.cpp.o)
                0x00002240                SERCOM::resetUART()
 .text._ZN6SERCOM10enableUARTEv
                0x0000225a       0x14 C:\Users\brews\AppData\Local\arduino\sketches\D313FFA426ACAB69CD5A148870DF315B/..\..\cores\arduino_samd_arduino_zero_native_6ecdf848757e303adc3bde4750780c31\core.a(SERCOM.cpp.o)
                0x0000225a                SERCOM::enableUART()
 .text._ZN6SERCOM9flushUARTEv
                0x0000226e       0x14 C:\Users\brews\AppData\Local\arduino\sketches\D313FFA426ACAB69CD5A148870DF315B/..\..\cores\arduino_samd_arduino_zero_native_6ecdf848757e303adc3bde4750780c31\core.a(SERCOM.cpp.o)
                0x0000226e                SERCOM::flushUART()
 .text._ZN6SERCOM15clearStatusUARTEv
                0x00002282        0x8 C:\Users\brews\AppData\Local\arduino\sketches\D313FFA426ACAB69CD5A148870DF315B/..\..\cores\arduino_samd_arduino_zero_native_6ecdf848757e303adc3bde4750780c31\core.a(SERCOM.cpp.o)
                0x00002282                SERCOM::clearStatusUART()
 .text._ZN6SERCOM17availableDataUARTEv
                0x0000228a        0xa C:\Users\brews\AppData\Local\arduino\sketches\D313FFA426ACAB69CD5A148870DF315B/..\..\cores\arduino_samd_arduino_zero_native_6ecdf848757e303adc3bde4750780c31\core.a(SERCOM.cpp.o)
                0x0000228a                SERCOM::availableDataUART()
 .text._ZN6SERCOM11isUARTErrorEv
                0x00002294        0x8 C:\Users\brews\AppData\Local\arduino\sketches\D313FFA426ACAB69CD5A148870DF315B/..\..\cores\arduino_samd_arduino_zero_native_6ecdf848757e303adc3bde4750780c31\core.a(SERCOM.cpp.o)
                0x00002294                SERCOM::isUARTError()
 .text._ZN6SERCOM20acknowledgeUARTErrorEv
                0x0000229c        0xe C:\Users\brews\AppData\Local\arduino\sketches\D313FFA426ACAB69CD5A148870DF315B/..\..\cores\arduino_samd_arduino_zero_native_6ecdf848757e303adc3bde4750780c31\core.a(SERCOM.cpp.o)
                0x0000229c                SERCOM::acknowledgeUARTError()
 .text._ZN6SERCOM16isFrameErrorUARTEv
                0x000022aa        0xa C:\Users\brews\AppData\Local\arduino\sketches\D313FFA426ACAB69CD5A148870DF315B/..\..\cores\arduino_samd_arduino_zero_native_6ecdf848757e303adc3bde4750780c31\core.a(SERCOM.cpp.o)
                0x000022aa                SERCOM::isFrameErrorUART()
 .text._ZN6SERCOM19clearFrameErrorUARTEv
                0x000022b4        0xc C:\Users\brews\AppData\Local\arduino\sketches\D313FFA426ACAB69CD5A148870DF315B/..\..\cores\arduino_samd_arduino_zero_native_6ecdf848757e303adc3bde4750780c31\core.a(SERCOM.cpp.o)
                0x000022b4                SERCOM::clearFrameErrorUART()
 .text._ZN6SERCOM23isDataRegisterEmptyUARTEv
                0x000022c0        0xa C:\Users\brews\AppData\Local\arduino\sketches\D313FFA426ACAB69CD5A148870DF315B/..\..\cores\arduino_samd_arduino_zero_native_6ecdf848757e303adc3bde4750780c31\core.a(SERCOM.cpp.o)
                0x000022c0                SERCOM::isDataRegisterEmptyUART()
 .text._ZN6SERCOM12readDataUARTEv
                0x000022ca        0x8 C:\Users\brews\AppData\Local\arduino\sketches\D313FFA426ACAB69CD5A148870DF315B/..\..\cores\arduino_samd_arduino_zero_native_6ecdf848757e303adc3bde4750780c31\core.a(SERCOM.cpp.o)
                0x000022ca                SERCOM::readDataUART()
 .text._ZN6SERCOM13writeDataUARTEh
                0x000022d2       0x14 C:\Users\brews\AppData\Local\arduino\sketches\D313FFA426ACAB69CD5A148870DF315B/..\..\cores\arduino_samd_arduino_zero_native_6ecdf848757e303adc3bde4750780c31\core.a(SERCOM.cpp.o)
                0x000022d2                SERCOM::writeDataUART(unsigned char)
 .text._ZN6SERCOM36enableDataRegisterEmptyInterruptUARTEv
                0x000022e6        0x8 C:\Users\brews\AppData\Local\arduino\sketches\D313FFA426ACAB69CD5A148870DF315B/..\..\cores\arduino_samd_arduino_zero_native_6ecdf848757e303adc3bde4750780c31\core.a(SERCOM.cpp.o)
                0x000022e6                SERCOM::enableDataRegisterEmptyInterruptUART()
 .text._ZN6SERCOM37disableDataRegisterEmptyInterruptUARTEv
                0x000022ee        0x8 C:\Users\brews\AppData\Local\arduino\sketches\D313FFA426ACAB69CD5A148870DF315B/..\..\cores\arduino_samd_arduino_zero_native_6ecdf848757e303adc3bde4750780c31\core.a(SERCOM.cpp.o)
                0x000022ee                SERCOM::disableDataRegisterEmptyInterruptUART()
 *fill*         0x000022f6        0x2 
 .text._ZN6SERCOM13initClockNVICEv
                0x000022f8       0xa8 C:\Users\brews\AppData\Local\arduino\sketches\D313FFA426ACAB69CD5A148870DF315B/..\..\cores\arduino_samd_arduino_zero_native_6ecdf848757e303adc3bde4750780c31\core.a(SERCOM.cpp.o)
                0x000022f8                SERCOM::initClockNVIC()
 .text._ZN6SERCOM8initUARTE14SercomUartMode20SercomUartSampleRatem
                0x000023a0       0x6c C:\Users\brews\AppData\Local\arduino\sketches\D313FFA426ACAB69CD5A148870DF315B/..\..\cores\arduino_samd_arduino_zero_native_6ecdf848757e303adc3bde4750780c31\core.a(SERCOM.cpp.o)
                0x000023a0                SERCOM::initUART(SercomUartMode, SercomUartSampleRate, unsigned long)
 .text._ZN4UartcvbEv
                0x0000240c        0x4 C:\Users\brews\AppData\Local\arduino\sketches\D313FFA426ACAB69CD5A148870DF315B/..\..\cores\arduino_samd_arduino_zero_native_6ecdf848757e303adc3bde4750780c31\core.a(Uart.cpp.o)
                0x0000240c                Uart::operator bool()
 .text._ZN4Uart5beginEm
                0x00002410       0x10 C:\Users\brews\AppData\Local\arduino\sketches\D313FFA426ACAB69CD5A148870DF315B/..\..\cores\arduino_samd_arduino_zero_native_6ecdf848757e303adc3bde4750780c31\core.a(Uart.cpp.o)
                0x00002410                Uart::begin(unsigned long)
 .text._ZN4Uart9availableEv
                0x00002420        0x6 C:\Users\brews\AppData\Local\arduino\sketches\D313FFA426ACAB69CD5A148870DF315B/..\..\cores\arduino_samd_arduino_zero_native_6ecdf848757e303adc3bde4750780c31\core.a(Uart.cpp.o)
                0x00002420                Uart::available()
 .text._ZN4Uart17availableForWriteEv
                0x00002426       0x10 C:\Users\brews\AppData\Local\arduino\sketches\D313FFA426ACAB69CD5A148870DF315B/..\..\cores\arduino_samd_arduino_zero_native_6ecdf848757e303adc3bde4750780c31\core.a(Uart.cpp.o)
                0x00002426                Uart::availableForWrite()
 .text._ZN4Uart4peekEv
                0x00002436       0x18 C:\Users\brews\AppData\Local\arduino\sketches\D313FFA426ACAB69CD5A148870DF315B/..\..\cores\arduino_samd_arduino_zero_native_6ecdf848757e303adc3bde4750780c31\core.a(Uart.cpp.o)
                0x00002436                Uart::peek()
 .text._ZN4Uart3endEv
                0x0000244e       0x24 C:\Users\brews\AppData\Local\arduino\sketches\D313FFA426ACAB69CD5A148870DF315B/..\..\cores\arduino_samd_arduino_zero_native_6ecdf848757e303adc3bde4750780c31\core.a(Uart.cpp.o)
                0x0000244e                Uart::end()
 .text._ZN4Uart5flushEv
                0x00002472       0x16 C:\Users\brews\AppData\Local\arduino\sketches\D313FFA426ACAB69CD5A148870DF315B/..\..\cores\arduino_samd_arduino_zero_native_6ecdf848757e303adc3bde4750780c31\core.a(Uart.cpp.o)
                0x00002472                Uart::flush()
 .text._ZN7__GuardD2Ev
                0x00002488        0xe C:\Users\brews\AppData\Local\arduino\sketches\D313FFA426ACAB69CD5A148870DF315B/..\..\cores\arduino_samd_arduino_zero_native_6ecdf848757e303adc3bde4750780c31\core.a(Uart.cpp.o)
                0x00002488                __Guard::~__Guard()
                0x00002488                __Guard::~__Guard()
 .text._ZN4Uart16extractNbStopBitEt
                0x00002496        0xc C:\Users\brews\AppData\Local\arduino\sketches\D313FFA426ACAB69CD5A148870DF315B/..\..\cores\arduino_samd_arduino_zero_native_6ecdf848757e303adc3bde4750780c31\core.a(Uart.cpp.o)
                0x00002496                Uart::extractNbStopBit(unsigned short)
 .text._ZN4Uart15extractCharSizeEt
                0x000024a2       0x28 C:\Users\brews\AppData\Local\arduino\sketches\D313FFA426ACAB69CD5A148870DF315B/..\..\cores\arduino_samd_arduino_zero_native_6ecdf848757e303adc3bde4750780c31\core.a(Uart.cpp.o)
                0x000024a2                Uart::extractCharSize(unsigned short)
 .text._ZN4Uart13extractParityEt
                0x000024ca       0x14 C:\Users\brews\AppData\Local\arduino\sketches\D313FFA426ACAB69CD5A148870DF315B/..\..\cores\arduino_samd_arduino_zero_native_6ecdf848757e303adc3bde4750780c31\core.a(Uart.cpp.o)
                0x000024ca                Uart::extractParity(unsigned short)
 *fill*         0x000024de        0x2 
 .text._ZN4Uart5beginEmt
                0x000024e0       0xf8 C:\Users\brews\AppData\Local\arduino\sketches\D313FFA426ACAB69CD5A148870DF315B/..\..\cores\arduino_samd_arduino_zero_native_6ecdf848757e303adc3bde4750780c31\core.a(Uart.cpp.o)
                0x000024e0                Uart::begin(unsigned long, unsigned short)
 .text._ZN7arduino11RingBufferNILi256EEC2Ev
                0x000025d8       0x1e C:\Users\brews\AppData\Local\arduino\sketches\D313FFA426ACAB69CD5A148870DF315B/..\..\cores\arduino_samd_arduino_zero_native_6ecdf848757e303adc3bde4750780c31\core.a(Uart.cpp.o)
                0x000025d8                arduino::RingBufferN<256>::RingBufferN()
                0x000025d8                arduino::RingBufferN<256>::RingBufferN()
 *fill*         0x000025f6        0x2 
 .text._ZN4UartC2EP6SERCOMhh11SercomRXPad15SercomUartTXPad
                0x000025f8       0x74 C:\Users\brews\AppData\Local\arduino\sketches\D313FFA426ACAB69CD5A148870DF315B/..\..\cores\arduino_samd_arduino_zero_native_6ecdf848757e303adc3bde4750780c31\core.a(Uart.cpp.o)
                0x000025f8                Uart::Uart(SERCOM*, unsigned char, unsigned char, SercomRXPad, SercomUartTXPad)
                0x000025f8                Uart::Uart(SERCOM*, unsigned char, unsigned char, SercomRXPad, SercomUartTXPad)
 .text._ZN7arduino15SafeRingBufferNILi256EE10store_charEh
                0x0000266c       0x4a C:\Users\brews\AppData\Local\arduino\sketches\D313FFA426ACAB69CD5A148870DF315B/..\..\cores\arduino_samd_arduino_zero_native_6ecdf848757e303adc3bde4750780c31\core.a(Uart.cpp.o)
                0x0000266c                arduino::SafeRingBufferN<256>::store_char(unsigned char)
 .text._ZN7arduino15SafeRingBufferNILi256EE9read_charEv
                0x000026b6       0x50 C:\Users\brews\AppData\Local\arduino\sketches\D313FFA426ACAB69CD5A148870DF315B/..\..\cores\arduino_samd_arduino_zero_native_6ecdf848757e303adc3bde4750780c31\core.a(Uart.cpp.o)
                0x000026b6                arduino::SafeRingBufferN<256>::read_char()
 .text._ZN4Uart10IrqHandlerEv
                0x00002706       0xa4 C:\Users\brews\AppData\Local\arduino\sketches\D313FFA426ACAB69CD5A148870DF315B/..\..\cores\arduino_samd_arduino_zero_native_6ecdf848757e303adc3bde4750780c31\core.a(Uart.cpp.o)
                0x00002706                Uart::IrqHandler()
 *fill*         0x000027aa        0x2 
 .text._ZN4Uart5writeEh
                0x000027ac       0x9c C:\Users\brews\AppData\Local\arduino\sketches\D313FFA426ACAB69CD5A148870DF315B/..\..\cores\arduino_samd_arduino_zero_native_6ecdf848757e303adc3bde4750780c31\core.a(Uart.cpp.o)
                0x000027ac                Uart::write(unsigned char)
 .text._ZN4Uart4readEv
                0x00002848       0x34 C:\Users\brews\AppData\Local\arduino\sketches\D313FFA426ACAB69CD5A148870DF315B/..\..\cores\arduino_samd_arduino_zero_native_6ecdf848757e303adc3bde4750780c31\core.a(Uart.cpp.o)
                0x00002848                Uart::read()
 .text._ZN7arduino5Print5writeEPKhj
                0x0000287c       0x28 C:\Users\brews\AppData\Local\arduino\sketches\D313FFA426ACAB69CD5A148870DF315B/..\..\cores\arduino_samd_arduino_zero_native_6ecdf848757e303adc3bde4750780c31\core.a(Print.cpp.o)
                0x0000287c                arduino::Print::write(unsigned char const*, unsigned int)
 .text.Dummy_Handler
                0x000028a4        0x2 C:\Users\brews\AppData\Local\arduino\sketches\D313FFA426ACAB69CD5A148870DF315B/..\..\cores\arduino_samd_arduino_zero_native_6ecdf848757e303adc3bde4750780c31\core.a(cortex_handlers.c.o)
                0x000028a4                DMAC_Handler
                0x000028a4                HardFault_Handler
                0x000028a4                AC_Handler
                0x000028a4                PendSV_Handler
                0x000028a4                NMI_Handler
                0x000028a4                TC7_Handler
                0x000028a4                SERCOM1_Handler
                0x000028a4                ADC_Handler
                0x000028a4                TCC1_Handler
                0x000028a4                SERCOM2_Handler
                0x000028a4                TCC0_Handler
                0x000028a4                RTC_Handler
                0x000028a4                EIC_Handler
                0x000028a4                TC6_Handler
                0x000028a4                WDT_Handler
                0x000028a4                TC4_Handler
                0x000028a4                TC3_Handler
                0x000028a4                Dummy_Handler
                0x000028a4                PM_Handler
                0x000028a4                SVC_Handler
                0x000028a4                TCC2_Handler
                0x000028a4                EVSYS_Handler
                0x000028a4                SERCOM3_Handler
                0x000028a4                SERCOM4_Handler
                0x000028a4                I2S_Handler
                0x000028a4                NVMCTRL_Handler
                0x000028a4                DAC_Handler
                0x000028a4                PTC_Handler
                0x000028a4                SYSCTRL_Handler
 *fill*         0x000028a6        0x2 
 .text.USB_Handler
                0x000028a8       0x14 C:\Users\brews\AppData\Local\arduino\sketches\D313FFA426ACAB69CD5A148870DF315B/..\..\cores\arduino_samd_arduino_zero_native_6ecdf848757e303adc3bde4750780c31\core.a(cortex_handlers.c.o)
                0x000028a8                USB_Handler
 .text.Reset_Handler
                0x000028bc       0x54 C:\Users\brews\AppData\Local\arduino\sketches\D313FFA426ACAB69CD5A148870DF315B/..\..\cores\arduino_samd_arduino_zero_native_6ecdf848757e303adc3bde4750780c31\core.a(cortex_handlers.c.o)
                0x000028bc                Reset_Handler
 .text.SysTick_Handler
                0x00002910       0x10 C:\Users\brews\AppData\Local\arduino\sketches\D313FFA426ACAB69CD5A148870DF315B/..\..\cores\arduino_samd_arduino_zero_native_6ecdf848757e303adc3bde4750780c31\core.a(cortex_handlers.c.o)
                0x00002910                SysTick_Handler
 .text.USB_SetHandler
                0x00002920        0xc C:\Users\brews\AppData\Local\arduino\sketches\D313FFA426ACAB69CD5A148870DF315B/..\..\cores\arduino_samd_arduino_zero_native_6ecdf848757e303adc3bde4750780c31\core.a(cortex_handlers.c.o)
                0x00002920                USB_SetHandler
 .text.millis   0x0000292c        0xc C:\Users\brews\AppData\Local\arduino\sketches\D313FFA426ACAB69CD5A148870DF315B/..\..\cores\arduino_samd_arduino_zero_native_6ecdf848757e303adc3bde4750780c31\core.a(delay.c.o)
                0x0000292c                millis
 .text.micros   0x00002938       0x60 C:\Users\brews\AppData\Local\arduino\sketches\D313FFA426ACAB69CD5A148870DF315B/..\..\cores\arduino_samd_arduino_zero_native_6ecdf848757e303adc3bde4750780c31\core.a(delay.c.o)
                0x00002938                micros
 .text.delay    0x00002998       0x30 C:\Users\brews\AppData\Local\arduino\sketches\D313FFA426ACAB69CD5A148870DF315B/..\..\cores\arduino_samd_arduino_zero_native_6ecdf848757e303adc3bde4750780c31\core.a(delay.c.o)
                0x00002998                delay
 .text.resetExternalChip
                0x000029c8        0x2 C:\Users\brews\AppData\Local\arduino\sketches\D313FFA426ACAB69CD5A148870DF315B/..\..\cores\arduino_samd_arduino_zero_native_6ecdf848757e303adc3bde4750780c31\core.a(delay.c.o)
                0x000029c8                resetExternalChip
 *fill*         0x000029ca        0x2 
 .text.SysTick_DefaultHandler
                0x000029cc       0x14 C:\Users\brews\AppData\Local\arduino\sketches\D313FFA426ACAB69CD5A148870DF315B/..\..\cores\arduino_samd_arduino_zero_native_6ecdf848757e303adc3bde4750780c31\core.a(delay.c.o)
                0x000029cc                SysTick_DefaultHandler
 .text.__empty  0x000029e0        0x2 C:\Users\brews\AppData\Local\arduino\sketches\D313FFA426ACAB69CD5A148870DF315B/..\..\cores\arduino_samd_arduino_zero_native_6ecdf848757e303adc3bde4750780c31\core.a(hooks.c.o)
                0x000029e0                yield
 .text.__false  0x000029e2        0x4 C:\Users\brews\AppData\Local\arduino\sketches\D313FFA426ACAB69CD5A148870DF315B/..\..\cores\arduino_samd_arduino_zero_native_6ecdf848757e303adc3bde4750780c31\core.a(hooks.c.o)
                0x000029e2                sysTickHook
 .text.initVariant
                0x000029e6        0x2 C:\Users\brews\AppData\Local\arduino\sketches\D313FFA426ACAB69CD5A148870DF315B/..\..\cores\arduino_samd_arduino_zero_native_6ecdf848757e303adc3bde4750780c31\core.a(main.cpp.o)
                0x000029e6                initVariant
 .text.startup.main
                0x000029e8       0x40 C:\Users\brews\AppData\Local\arduino\sketches\D313FFA426ACAB69CD5A148870DF315B/..\..\cores\arduino_samd_arduino_zero_native_6ecdf848757e303adc3bde4750780c31\core.a(main.cpp.o)
                0x000029e8                main
 .text.SystemInit
                0x00002a28      0x160 C:\Users\brews\AppData\Local\arduino\sketches\D313FFA426ACAB69CD5A148870DF315B/..\..\cores\arduino_samd_arduino_zero_native_6ecdf848757e303adc3bde4750780c31\core.a(startup.c.o)
                0x00002a28                SystemInit
 .text.init     0x00002b88       0xf0 C:\Users\brews\AppData\Local\arduino\sketches\D313FFA426ACAB69CD5A148870DF315B/..\..\cores\arduino_samd_arduino_zero_native_6ecdf848757e303adc3bde4750780c31\core.a(wiring.c.o)
                0x00002b88                init
 .text.analogReference
                0x00002c78       0x64 C:\Users\brews\AppData\Local\arduino\sketches\D313FFA426ACAB69CD5A148870DF315B/..\..\cores\arduino_samd_arduino_zero_native_6ecdf848757e303adc3bde4750780c31\core.a(wiring_analog.c.o)
                0x00002c78                analogReference
 .text.pinMode  0x00002cdc       0x98 C:\Users\brews\AppData\Local\arduino\sketches\D313FFA426ACAB69CD5A148870DF315B/..\..\cores\arduino_samd_arduino_zero_native_6ecdf848757e303adc3bde4750780c31\core.a(wiring_digital.c.o)
                0x00002cdc                pinMode
 .text.digitalWrite
                0x00002d74       0x58 C:\Users\brews\AppData\Local\arduino\sketches\D313FFA426ACAB69CD5A148870DF315B/..\..\cores\arduino_samd_arduino_zero_native_6ecdf848757e303adc3bde4750780c31\core.a(wiring_digital.c.o)
                0x00002d74                digitalWrite
 .text.pinPeripheral
                0x00002dcc       0xc0 C:\Users\brews\AppData\Local\arduino\sketches\D313FFA426ACAB69CD5A148870DF315B/..\..\cores\arduino_samd_arduino_zero_native_6ecdf848757e303adc3bde4750780c31\core.a(wiring_private.c.o)
                0x00002dcc                pinPeripheral
 .text.initiateReset
                0x00002e8c       0x14 C:\Users\brews\AppData\Local\arduino\sketches\D313FFA426ACAB69CD5A148870DF315B/..\..\cores\arduino_samd_arduino_zero_native_6ecdf848757e303adc3bde4750780c31\core.a(Reset.cpp.o)
                0x00002e8c                initiateReset
 .text.cancelReset
                0x00002ea0       0x10 C:\Users\brews\AppData\Local\arduino\sketches\D313FFA426ACAB69CD5A148870DF315B/..\..\cores\arduino_samd_arduino_zero_native_6ecdf848757e303adc3bde4750780c31\core.a(Reset.cpp.o)
                0x00002ea0                cancelReset
 .text.tickReset
                0x00002eb0       0x78 C:\Users\brews\AppData\Local\arduino\sketches\D313FFA426ACAB69CD5A148870DF315B/..\..\cores\arduino_samd_arduino_zero_native_6ecdf848757e303adc3bde4750780c31\core.a(Reset.cpp.o)
                0x00002eb0                tickReset
 .text._ZN26DoubleBufferedEPOutHandlerD2Ev
                0x00002f28        0x2 C:\Users\brews\AppData\Local\arduino\sketches\D313FFA426ACAB69CD5A148870DF315B/..\..\cores\arduino_samd_arduino_zero_native_6ecdf848757e303adc3bde4750780c31\core.a(USBCore.cpp.o)
                0x00002f28                DoubleBufferedEPOutHandler::~DoubleBufferedEPOutHandler()
                0x00002f28                DoubleBufferedEPOutHandler::~DoubleBufferedEPOutHandler()
 .text._ZN26DoubleBufferedEPOutHandlerD0Ev
                0x00002f2a        0xc C:\Users\brews\AppData\Local\arduino\sketches\D313FFA426ACAB69CD5A148870DF315B/..\..\cores\arduino_samd_arduino_zero_native_6ecdf848757e303adc3bde4750780c31\core.a(USBCore.cpp.o)
                0x00002f2a                DoubleBufferedEPOutHandler::~DoubleBufferedEPOutHandler()
 *fill*         0x00002f36        0x2 
 .text._ZN14USBDeviceClass6initEPEmm.part.7
                0x00002f38       0xc4 C:\Users\brews\AppData\Local\arduino\sketches\D313FFA426ACAB69CD5A148870DF315B/..\..\cores\arduino_samd_arduino_zero_native_6ecdf848757e303adc3bde4750780c31\core.a(USBCore.cpp.o)
 .text._ZN7__GuardC2Ev
                0x00002ffc        0xe C:\Users\brews\AppData\Local\arduino\sketches\D313FFA426ACAB69CD5A148870DF315B/..\..\cores\arduino_samd_arduino_zero_native_6ecdf848757e303adc3bde4750780c31\core.a(USBCore.cpp.o)
                0x00002ffc                __Guard::__Guard()
                0x00002ffc                __Guard::__Guard()
 .text._ZNK26DoubleBufferedEPOutHandler10_availableEv
                0x0000300a       0x70 C:\Users\brews\AppData\Local\arduino\sketches\D313FFA426ACAB69CD5A148870DF315B/..\..\cores\arduino_samd_arduino_zero_native_6ecdf848757e303adc3bde4750780c31\core.a(USBCore.cpp.o)
                0x0000300a                DoubleBufferedEPOutHandler::_available() const
 *fill*         0x0000307a        0x2 
 .text._ZN26DoubleBufferedEPOutHandler7releaseEv
                0x0000307c       0x38 C:\Users\brews\AppData\Local\arduino\sketches\D313FFA426ACAB69CD5A148870DF315B/..\..\cores\arduino_samd_arduino_zero_native_6ecdf848757e303adc3bde4750780c31\core.a(USBCore.cpp.o)
                0x0000307c                DoubleBufferedEPOutHandler::release()
 .text._ZN26DoubleBufferedEPOutHandler14handleEndpointEv
                0x000030b4       0xe2 C:\Users\brews\AppData\Local\arduino\sketches\D313FFA426ACAB69CD5A148870DF315B/..\..\cores\arduino_samd_arduino_zero_native_6ecdf848757e303adc3bde4750780c31\core.a(USBCore.cpp.o)
                0x000030b4                DoubleBufferedEPOutHandler::handleEndpoint()
 .text._ZN14USBDeviceClass14SendInterfacesEPm
                0x00003196       0x20 C:\Users\brews\AppData\Local\arduino\sketches\D313FFA426ACAB69CD5A148870DF315B/..\..\cores\arduino_samd_arduino_zero_native_6ecdf848757e303adc3bde4750780c31\core.a(USBCore.cpp.o)
                0x00003196                USBDeviceClass::SendInterfaces(unsigned long*)
 *fill*         0x000031b6        0x2 
 .text._ZN14USBDeviceClass6attachEv
                0x000031b8       0x34 C:\Users\brews\AppData\Local\arduino\sketches\D313FFA426ACAB69CD5A148870DF315B/..\..\cores\arduino_samd_arduino_zero_native_6ecdf848757e303adc3bde4750780c31\core.a(USBCore.cpp.o)
                0x000031b8                USBDeviceClass::attach()
 .text._ZN14USBDeviceClass10setAddressEm
                0x000031ec       0x48 C:\Users\brews\AppData\Local\arduino\sketches\D313FFA426ACAB69CD5A148870DF315B/..\..\cores\arduino_samd_arduino_zero_native_6ecdf848757e303adc3bde4750780c31\core.a(USBCore.cpp.o)
                0x000031ec                USBDeviceClass::setAddress(unsigned long)
 .text._ZN14USBDeviceClass25handleClassInterfaceSetupERN7arduino8USBSetupE
                0x00003234       0x24 C:\Users\brews\AppData\Local\arduino\sketches\D313FFA426ACAB69CD5A148870DF315B/..\..\cores\arduino_samd_arduino_zero_native_6ecdf848757e303adc3bde4750780c31\core.a(USBCore.cpp.o)
                0x00003234                USBDeviceClass::handleClassInterfaceSetup(arduino::USBSetup&)
 .text._ZN14USBDeviceClass6initEPEmm
                0x00003258      0x10c C:\Users\brews\AppData\Local\arduino\sketches\D313FFA426ACAB69CD5A148870DF315B/..\..\cores\arduino_samd_arduino_zero_native_6ecdf848757e303adc3bde4750780c31\core.a(USBCore.cpp.o)
                0x00003258                USBDeviceClass::initEP(unsigned long, unsigned long)
 .text._ZN14USBDeviceClass13initEndpointsEv
                0x00003364       0x24 C:\Users\brews\AppData\Local\arduino\sketches\D313FFA426ACAB69CD5A148870DF315B/..\..\cores\arduino_samd_arduino_zero_native_6ecdf848757e303adc3bde4750780c31\core.a(USBCore.cpp.o)
                0x00003364                USBDeviceClass::initEndpoints()
 .text._ZN14USBDeviceClass5clearEm
                0x00003388       0x38 C:\Users\brews\AppData\Local\arduino\sketches\D313FFA426ACAB69CD5A148870DF315B/..\..\cores\arduino_samd_arduino_zero_native_6ecdf848757e303adc3bde4750780c31\core.a(USBCore.cpp.o)
                0x00003388                USBDeviceClass::clear(unsigned long)
 .text._ZN14USBDeviceClass9availableEm
                0x000033c0       0x2c C:\Users\brews\AppData\Local\arduino\sketches\D313FFA426ACAB69CD5A148870DF315B/..\..\cores\arduino_samd_arduino_zero_native_6ecdf848757e303adc3bde4750780c31\core.a(USBCore.cpp.o)
                0x000033c0                USBDeviceClass::available(unsigned long)
 .text._ZN14USBDeviceClass5flushEm
                0x000033ec       0x2c C:\Users\brews\AppData\Local\arduino\sketches\D313FFA426ACAB69CD5A148870DF315B/..\..\cores\arduino_samd_arduino_zero_native_6ecdf848757e303adc3bde4750780c31\core.a(USBCore.cpp.o)
                0x000033ec                USBDeviceClass::flush(unsigned long)
 .text._ZN14USBDeviceClass4recvEmPvm
                0x00003418       0xdc C:\Users\brews\AppData\Local\arduino\sketches\D313FFA426ACAB69CD5A148870DF315B/..\..\cores\arduino_samd_arduino_zero_native_6ecdf848757e303adc3bde4750780c31\core.a(USBCore.cpp.o)
                0x00003418                USBDeviceClass::recv(unsigned long, void*, unsigned long)
 .text._ZN14USBDeviceClass4recvEm
                0x000034f4       0x1c C:\Users\brews\AppData\Local\arduino\sketches\D313FFA426ACAB69CD5A148870DF315B/..\..\cores\arduino_samd_arduino_zero_native_6ecdf848757e303adc3bde4750780c31\core.a(USBCore.cpp.o)
                0x000034f4                USBDeviceClass::recv(unsigned long)
 .text._ZN14USBDeviceClass14armRecvCtrlOUTEm
                0x00003510       0x5c C:\Users\brews\AppData\Local\arduino\sketches\D313FFA426ACAB69CD5A148870DF315B/..\..\cores\arduino_samd_arduino_zero_native_6ecdf848757e303adc3bde4750780c31\core.a(USBCore.cpp.o)
                0x00003510                USBDeviceClass::armRecvCtrlOUT(unsigned long)
 .text._ZN14USBDeviceClass11recvControlEPvm
                0x0000356c       0x28 C:\Users\brews\AppData\Local\arduino\sketches\D313FFA426ACAB69CD5A148870DF315B/..\..\cores\arduino_samd_arduino_zero_native_6ecdf848757e303adc3bde4750780c31\core.a(USBCore.cpp.o)
                0x0000356c                USBDeviceClass::recvControl(void*, unsigned long)
 .text._ZN14USBDeviceClass4sendEmPKvm
                0x00003594      0x124 C:\Users\brews\AppData\Local\arduino\sketches\D313FFA426ACAB69CD5A148870DF315B/..\..\cores\arduino_samd_arduino_zero_native_6ecdf848757e303adc3bde4750780c31\core.a(USBCore.cpp.o)
                0x00003594                USBDeviceClass::send(unsigned long, void const*, unsigned long)
 .text._ZN14USBDeviceClass7armSendEmPKvm
                0x000036b8       0x48 C:\Users\brews\AppData\Local\arduino\sketches\D313FFA426ACAB69CD5A148870DF315B/..\..\cores\arduino_samd_arduino_zero_native_6ecdf848757e303adc3bde4750780c31\core.a(USBCore.cpp.o)
                0x000036b8                USBDeviceClass::armSend(unsigned long, void const*, unsigned long)
 .text._ZN14USBDeviceClass11sendControlEPKvm
                0x00003700       0x54 C:\Users\brews\AppData\Local\arduino\sketches\D313FFA426ACAB69CD5A148870DF315B/..\..\cores\arduino_samd_arduino_zero_native_6ecdf848757e303adc3bde4750780c31\core.a(USBCore.cpp.o)
                0x00003700                USBDeviceClass::sendControl(void const*, unsigned long)
 .text._ZN14USBDeviceClass20sendStringDescriptorEPKhm
                0x00003754       0x64 C:\Users\brews\AppData\Local\arduino\sketches\D313FFA426ACAB69CD5A148870DF315B/..\..\cores\arduino_samd_arduino_zero_native_6ecdf848757e303adc3bde4750780c31\core.a(USBCore.cpp.o)
                0x00003754                USBDeviceClass::sendStringDescriptor(unsigned char const*, unsigned long)
 .text._ZN14USBDeviceClass17sendConfigurationEm
                0x000037b8       0x80 C:\Users\brews\AppData\Local\arduino\sketches\D313FFA426ACAB69CD5A148870DF315B/..\..\cores\arduino_samd_arduino_zero_native_6ecdf848757e303adc3bde4750780c31\core.a(USBCore.cpp.o)
                0x000037b8                USBDeviceClass::sendConfiguration(unsigned long)
 .text._ZN14USBDeviceClass14sendDescriptorERN7arduino8USBSetupE
                0x00003838       0xd8 C:\Users\brews\AppData\Local\arduino\sketches\D313FFA426ACAB69CD5A148870DF315B/..\..\cores\arduino_samd_arduino_zero_native_6ecdf848757e303adc3bde4750780c31\core.a(USBCore.cpp.o)
                0x00003838                USBDeviceClass::sendDescriptor(arduino::USBSetup&)
 .text._ZN14USBDeviceClass7sendZlpEm
                0x00003910       0x18 C:\Users\brews\AppData\Local\arduino\sketches\D313FFA426ACAB69CD5A148870DF315B/..\..\cores\arduino_samd_arduino_zero_native_6ecdf848757e303adc3bde4750780c31\core.a(USBCore.cpp.o)
                0x00003910                USBDeviceClass::sendZlp(unsigned long)
 .text._ZN14USBDeviceClass19handleStandardSetupERN7arduino8USBSetupE
                0x00003928       0xf0 C:\Users\brews\AppData\Local\arduino\sketches\D313FFA426ACAB69CD5A148870DF315B/..\..\cores\arduino_samd_arduino_zero_native_6ecdf848757e303adc3bde4750780c31\core.a(USBCore.cpp.o)
                0x00003928                USBDeviceClass::handleStandardSetup(arduino::USBSetup&)
 .text._ZN14USBDeviceClass10ISRHandlerEv
                0x00003a18      0x150 C:\Users\brews\AppData\Local\arduino\sketches\D313FFA426ACAB69CD5A148870DF315B/..\..\cores\arduino_samd_arduino_zero_native_6ecdf848757e303adc3bde4750780c31\core.a(USBCore.cpp.o)
                0x00003a18                USBDeviceClass::ISRHandler()
 .text.UDD_Handler
                0x00003b68       0x10 C:\Users\brews\AppData\Local\arduino\sketches\D313FFA426ACAB69CD5A148870DF315B/..\..\cores\arduino_samd_arduino_zero_native_6ecdf848757e303adc3bde4750780c31\core.a(USBCore.cpp.o)
                0x00003b68                UDD_Handler
 .text._ZN7arduino13PluggableUSB_C2Ev
                0x00003b78       0x10 C:\Users\brews\AppData\Local\arduino\sketches\D313FFA426ACAB69CD5A148870DF315B/..\..\cores\arduino_samd_arduino_zero_native_6ecdf848757e303adc3bde4750780c31\core.a(USBCore.cpp.o)
                0x00003b78                arduino::PluggableUSB_::PluggableUSB_()
                0x00003b78                arduino::PluggableUSB_::PluggableUSB_()
 .text._Z8epBufferj
                0x00003b88        0xc C:\Users\brews\AppData\Local\arduino\sketches\D313FFA426ACAB69CD5A148870DF315B/..\..\cores\arduino_samd_arduino_zero_native_6ecdf848757e303adc3bde4750780c31\core.a(USBCore.cpp.o)
                0x00003b88                epBuffer(unsigned int)
 .text._ZN7arduino11RingBufferNILi64EE10store_charEh
                0x00003b94       0x1c C:\Users\brews\AppData\Local\arduino\sketches\D313FFA426ACAB69CD5A148870DF315B/..\..\cores\arduino_samd_arduino_zero_native_6ecdf848757e303adc3bde4750780c31\core.a(USBCore.cpp.o)
                0x00003b94                arduino::RingBufferN<64>::store_char(unsigned char)
 .text._ZN26DoubleBufferedEPOutHandler5_recvEv
                0x00003bb0      0x15e C:\Users\brews\AppData\Local\arduino\sketches\D313FFA426ACAB69CD5A148870DF315B/..\..\cores\arduino_samd_arduino_zero_native_6ecdf848757e303adc3bde4750780c31\core.a(USBCore.cpp.o)
                0x00003bb0                DoubleBufferedEPOutHandler::_recv()
 .text._ZN26DoubleBufferedEPOutHandler9availableEv
                0x00003d0e        0xc C:\Users\brews\AppData\Local\arduino\sketches\D313FFA426ACAB69CD5A148870DF315B/..\..\cores\arduino_samd_arduino_zero_native_6ecdf848757e303adc3bde4750780c31\core.a(USBCore.cpp.o)
                0x00003d0e                DoubleBufferedEPOutHandler::available()
 .text._ZN26DoubleBufferedEPOutHandler4peekEv
                0x00003d1a       0x1c C:\Users\brews\AppData\Local\arduino\sketches\D313FFA426ACAB69CD5A148870DF315B/..\..\cores\arduino_samd_arduino_zero_native_6ecdf848757e303adc3bde4750780c31\core.a(USBCore.cpp.o)
                0x00003d1a                DoubleBufferedEPOutHandler::peek()
 .text._ZN26DoubleBufferedEPOutHandler4recvEPvm
                0x00003d36       0x60 C:\Users\brews\AppData\Local\arduino\sketches\D313FFA426ACAB69CD5A148870DF315B/..\..\cores\arduino_samd_arduino_zero_native_6ecdf848757e303adc3bde4750780c31\core.a(USBCore.cpp.o)
                0x00003d36                DoubleBufferedEPOutHandler::recv(void*, unsigned long)
 *fill*         0x00003d96        0x2 
 .text.startup._GLOBAL__sub_I_usbd
                0x00003d98       0x10 C:\Users\brews\AppData\Local\arduino\sketches\D313FFA426ACAB69CD5A148870DF315B/..\..\cores\arduino_samd_arduino_zero_native_6ecdf848757e303adc3bde4750780c31\core.a(USBCore.cpp.o)
 .text._ZN14USBDeviceClass4initEv
                0x00003da8      0x18c C:\Users\brews\AppData\Local\arduino\sketches\D313FFA426ACAB69CD5A148870DF315B/..\..\cores\arduino_samd_arduino_zero_native_6ecdf848757e303adc3bde4750780c31\core.a(USBCore.cpp.o)
                0x00003da8                USBDeviceClass::init()
 .text._ZN7arduino13PluggableUSB_12getInterfaceEPh
                0x00003f34       0x28 C:\Users\brews\AppData\Local\arduino\sketches\D313FFA426ACAB69CD5A148870DF315B/..\..\cores\arduino_samd_arduino_zero_native_6ecdf848757e303adc3bde4750780c31\core.a(PluggableUSB.cpp.o)
                0x00003f34                arduino::PluggableUSB_::getInterface(unsigned char*)
 .text._ZN7arduino13PluggableUSB_13getDescriptorERNS_8USBSetupE
                0x00003f5c       0x20 C:\Users\brews\AppData\Local\arduino\sketches\D313FFA426ACAB69CD5A148870DF315B/..\..\cores\arduino_samd_arduino_zero_native_6ecdf848757e303adc3bde4750780c31\core.a(PluggableUSB.cpp.o)
                0x00003f5c                arduino::PluggableUSB_::getDescriptor(arduino::USBSetup&)
 .text._ZN7arduino13PluggableUSB_12getShortNameEPc
                0x00003f7c       0x1e C:\Users\brews\AppData\Local\arduino\sketches\D313FFA426ACAB69CD5A148870DF315B/..\..\cores\arduino_samd_arduino_zero_native_6ecdf848757e303adc3bde4750780c31\core.a(PluggableUSB.cpp.o)
                0x00003f7c                arduino::PluggableUSB_::getShortName(char*)
 .text._ZN7arduino13PluggableUSB_5setupERNS_8USBSetupE
                0x00003f9a       0x20 C:\Users\brews\AppData\Local\arduino\sketches\D313FFA426ACAB69CD5A148870DF315B/..\..\cores\arduino_samd_arduino_zero_native_6ecdf848757e303adc3bde4750780c31\core.a(PluggableUSB.cpp.o)
                0x00003f9a                arduino::PluggableUSB_::setup(arduino::USBSetup&)
 .text._ZN7arduino13PluggableUSB_4plugEPNS_18PluggableUSBModuleE
                0x00003fba       0x5c C:\Users\brews\AppData\Local\arduino\sketches\D313FFA426ACAB69CD5A148870DF315B/..\..\cores\arduino_samd_arduino_zero_native_6ecdf848757e303adc3bde4750780c31\core.a(PluggableUSB.cpp.o)
                0x00003fba                arduino::PluggableUSB_::plug(arduino::PluggableUSBModule*)
 *fill*         0x00004016        0x2 
 .text._Z12PluggableUSBv
                0x00004018       0x24 C:\Users\brews\AppData\Local\arduino\sketches\D313FFA426ACAB69CD5A148870DF315B/..\..\cores\arduino_samd_arduino_zero_native_6ecdf848757e303adc3bde4750780c31\core.a(PluggableUSB.cpp.o)
                0x00004018                PluggableUSB()
 .text._Znwj    0x0000403c        0x8 C:\Users\brews\AppData\Local\arduino\sketches\D313FFA426ACAB69CD5A148870DF315B/..\..\cores\arduino_samd_arduino_zero_native_6ecdf848757e303adc3bde4750780c31\core.a(new.cpp.o)
                0x0000403c                operator new(unsigned int)
 .text._ZdlPv   0x00004044        0x8 C:\Users\brews\AppData\Local\arduino\sketches\D313FFA426ACAB69CD5A148870DF315B/..\..\cores\arduino_samd_arduino_zero_native_6ecdf848757e303adc3bde4750780c31\core.a(new.cpp.o)
                0x00004044                operator delete(void*)
 .text._ZN7Serial_13getDescriptorERN7arduino8USBSetupE
                0x0000404c        0x4 C:\Users\brews\AppData\Local\arduino\sketches\D313FFA426ACAB69CD5A148870DF315B/..\..\cores\arduino_samd_arduino_zero_native_6ecdf848757e303adc3bde4750780c31\core.a(CDC.cpp.o)
                0x0000404c                Serial_::getDescriptor(arduino::USBSetup&)
 .text._ZL5utox8mPc
                0x00004050       0x24 C:\Users\brews\AppData\Local\arduino\sketches\D313FFA426ACAB69CD5A148870DF315B/..\..\cores\arduino_samd_arduino_zero_native_6ecdf848757e303adc3bde4750780c31\core.a(CDC.cpp.o)
 .text._ZN7Serial_12getShortNameEPc
                0x00004074       0x44 C:\Users\brews\AppData\Local\arduino\sketches\D313FFA426ACAB69CD5A148870DF315B/..\..\cores\arduino_samd_arduino_zero_native_6ecdf848757e303adc3bde4750780c31\core.a(CDC.cpp.o)
                0x00004074                Serial_::getShortName(char*)
 .text._ZThn16_N7Serial_12getShortNameEPc
                0x000040b8       0x10 C:\Users\brews\AppData\Local\arduino\sketches\D313FFA426ACAB69CD5A148870DF315B/..\..\cores\arduino_samd_arduino_zero_native_6ecdf848757e303adc3bde4750780c31\core.a(CDC.cpp.o)
                0x000040b8                non-virtual thunk to Serial_::getShortName(char*)
 .text._ZN7Serial_5beginEm
                0x000040c8        0x2 C:\Users\brews\AppData\Local\arduino\sketches\D313FFA426ACAB69CD5A148870DF315B/..\..\cores\arduino_samd_arduino_zero_native_6ecdf848757e303adc3bde4750780c31\core.a(CDC.cpp.o)
                0x000040c8                Serial_::begin(unsigned long)
 .text._ZN7Serial_5beginEmt
                0x000040ca        0x2 C:\Users\brews\AppData\Local\arduino\sketches\D313FFA426ACAB69CD5A148870DF315B/..\..\cores\arduino_samd_arduino_zero_native_6ecdf848757e303adc3bde4750780c31\core.a(CDC.cpp.o)
                0x000040ca                Serial_::begin(unsigned long, unsigned short)
 .text._ZN7Serial_17availableForWriteEv
                0x000040cc        0x4 C:\Users\brews\AppData\Local\arduino\sketches\D313FFA426ACAB69CD5A148870DF315B/..\..\cores\arduino_samd_arduino_zero_native_6ecdf848757e303adc3bde4750780c31\core.a(CDC.cpp.o)
                0x000040cc                Serial_::availableForWrite()
 .text._ZN7Serial_5writeEh
                0x000040d0       0x14 C:\Users\brews\AppData\Local\arduino\sketches\D313FFA426ACAB69CD5A148870DF315B/..\..\cores\arduino_samd_arduino_zero_native_6ecdf848757e303adc3bde4750780c31\core.a(CDC.cpp.o)
                0x000040d0                Serial_::write(unsigned char)
 .text._ZN7Serial_12getInterfaceEPh
                0x000040e4      0x11c C:\Users\brews\AppData\Local\arduino\sketches\D313FFA426ACAB69CD5A148870DF315B/..\..\cores\arduino_samd_arduino_zero_native_6ecdf848757e303adc3bde4750780c31\core.a(CDC.cpp.o)
                0x000040e4                Serial_::getInterface(unsigned char*)
 .text._ZThn16_N7Serial_12getInterfaceEPh
                0x00004200       0x10 C:\Users\brews\AppData\Local\arduino\sketches\D313FFA426ACAB69CD5A148870DF315B/..\..\cores\arduino_samd_arduino_zero_native_6ecdf848757e303adc3bde4750780c31\core.a(CDC.cpp.o)
                0x00004200                non-virtual thunk to Serial_::getInterface(unsigned char*)
 .text._ZN7Serial_5setupERN7arduino8USBSetupE
                0x00004210       0x9c C:\Users\brews\AppData\Local\arduino\sketches\D313FFA426ACAB69CD5A148870DF315B/..\..\cores\arduino_samd_arduino_zero_native_6ecdf848757e303adc3bde4750780c31\core.a(CDC.cpp.o)
                0x00004210                Serial_::setup(arduino::USBSetup&)
 .text._ZThn16_N7Serial_5setupERN7arduino8USBSetupE
                0x000042ac       0x10 C:\Users\brews\AppData\Local\arduino\sketches\D313FFA426ACAB69CD5A148870DF315B/..\..\cores\arduino_samd_arduino_zero_native_6ecdf848757e303adc3bde4750780c31\core.a(CDC.cpp.o)
                0x000042ac                non-virtual thunk to Serial_::setup(arduino::USBSetup&)
 .text._ZN7Serial_3endEv
                0x000042bc        0xe C:\Users\brews\AppData\Local\arduino\sketches\D313FFA426ACAB69CD5A148870DF315B/..\..\cores\arduino_samd_arduino_zero_native_6ecdf848757e303adc3bde4750780c31\core.a(CDC.cpp.o)
                0x000042bc                Serial_::end()
 *fill*         0x000042ca        0x2 
 .text._ZN7Serial_9availableEv
                0x000042cc       0x20 C:\Users\brews\AppData\Local\arduino\sketches\D313FFA426ACAB69CD5A148870DF315B/..\..\cores\arduino_samd_arduino_zero_native_6ecdf848757e303adc3bde4750780c31\core.a(CDC.cpp.o)
                0x000042cc                Serial_::available()
 .text._ZN7Serial_5flushEv
                0x000042ec        0xe C:\Users\brews\AppData\Local\arduino\sketches\D313FFA426ACAB69CD5A148870DF315B/..\..\cores\arduino_samd_arduino_zero_native_6ecdf848757e303adc3bde4750780c31\core.a(CDC.cpp.o)
                0x000042ec                Serial_::flush()
 .text._ZN7Serial_5clearEv
                0x000042fa        0xe C:\Users\brews\AppData\Local\arduino\sketches\D313FFA426ACAB69CD5A148870DF315B/..\..\cores\arduino_samd_arduino_zero_native_6ecdf848757e303adc3bde4750780c31\core.a(CDC.cpp.o)
                0x000042fa                Serial_::clear()
 .text._ZN7Serial_5writeEPKhj
                0x00004308       0x1e C:\Users\brews\AppData\Local\arduino\sketches\D313FFA426ACAB69CD5A148870DF315B/..\..\cores\arduino_samd_arduino_zero_native_6ecdf848757e303adc3bde4750780c31\core.a(CDC.cpp.o)
                0x00004308                Serial_::write(unsigned char const*, unsigned int)
 *fill*         0x00004326        0x2 
 .text._ZN7Serial_4peekEv
                0x00004328       0x1c C:\Users\brews\AppData\Local\arduino\sketches\D313FFA426ACAB69CD5A148870DF315B/..\..\cores\arduino_samd_arduino_zero_native_6ecdf848757e303adc3bde4750780c31\core.a(CDC.cpp.o)
                0x00004328                Serial_::peek()
 .text._ZN7Serial_4readEv
                0x00004344       0x24 C:\Users\brews\AppData\Local\arduino\sketches\D313FFA426ACAB69CD5A148870DF315B/..\..\cores\arduino_samd_arduino_zero_native_6ecdf848757e303adc3bde4750780c31\core.a(CDC.cpp.o)
                0x00004344                Serial_::read()
 .text._ZN7Serial_cvbEv
                0x00004368       0x26 C:\Users\brews\AppData\Local\arduino\sketches\D313FFA426ACAB69CD5A148870DF315B/..\..\cores\arduino_samd_arduino_zero_native_6ecdf848757e303adc3bde4750780c31\core.a(CDC.cpp.o)
                0x00004368                Serial_::operator bool()
 .text._ZThn16_N7Serial_13getDescriptorERN7arduino8USBSetupE
                0x0000438e        0x4 C:\Users\brews\AppData\Local\arduino\sketches\D313FFA426ACAB69CD5A148870DF315B/..\..\cores\arduino_samd_arduino_zero_native_6ecdf848757e303adc3bde4750780c31\core.a(CDC.cpp.o)
                0x0000438e                non-virtual thunk to Serial_::getDescriptor(arduino::USBSetup&)
 .text._ZN7Serial_14handleEndpointEi
                0x00004392        0x2 C:\Users\brews\AppData\Local\arduino\sketches\D313FFA426ACAB69CD5A148870DF315B/..\..\cores\arduino_samd_arduino_zero_native_6ecdf848757e303adc3bde4750780c31\core.a(CDC.cpp.o)
                0x00004392                Serial_::handleEndpoint(int)
 .text._ZN7Serial_C2ER14USBDeviceClass
                0x00004394       0x5c C:\Users\brews\AppData\Local\arduino\sketches\D313FFA426ACAB69CD5A148870DF315B/..\..\cores\arduino_samd_arduino_zero_native_6ecdf848757e303adc3bde4750780c31\core.a(CDC.cpp.o)
                0x00004394                Serial_::Serial_(USBDeviceClass&)
                0x00004394                Serial_::Serial_(USBDeviceClass&)
 .text._ZN7Serial_15enableInterruptEv
                0x000043f0       0x30 C:\Users\brews\AppData\Local\arduino\sketches\D313FFA426ACAB69CD5A148870DF315B/..\..\cores\arduino_samd_arduino_zero_native_6ecdf848757e303adc3bde4750780c31\core.a(CDC.cpp.o)
                0x000043f0                Serial_::enableInterrupt()
 .text.startup._GLOBAL__sub_I__ZN7Serial_12getInterfaceEPh
                0x00004420       0x14 C:\Users\brews\AppData\Local\arduino\sketches\D313FFA426ACAB69CD5A148870DF315B/..\..\cores\arduino_samd_arduino_zero_native_6ecdf848757e303adc3bde4750780c31\core.a(CDC.cpp.o)
 .text          0x00004434       0x14 c:/users/brews/appdata/local/arduino15/packages/arduino/tools/arm-none-eabi-gcc/7-2017q4/bin/../lib/gcc/arm-none-eabi/7.2.1/thumb/v6-m\libgcc.a(_thumb1_case_uqi.o)
                0x00004434                __gnu_thumb1_case_uqi
 .text          0x00004448      0x114 c:/users/brews/appdata/local/arduino15/packages/arduino/tools/arm-none-eabi-gcc/7-2017q4/bin/../lib/gcc/arm-none-eabi/7.2.1/thumb/v6-m\libgcc.a(_udivsi3.o)
                0x00004448                __aeabi_uidiv
                0x00004448                __udivsi3
                0x00004554                __aeabi_uidivmod
 .text          0x0000455c        0x4 c:/users/brews/appdata/local/arduino15/packages/arduino/tools/arm-none-eabi-gcc/7-2017q4/bin/../lib/gcc/arm-none-eabi/7.2.1/thumb/v6-m\libgcc.a(_dvmd_tls.o)
                0x0000455c                __aeabi_idiv0
                0x0000455c                __aeabi_ldiv0
 .text.__libc_init_array
                0x00004560       0x48 c:/users/brews/appdata/local/arduino15/packages/arduino/tools/arm-none-eabi-gcc/7-2017q4/bin/../lib/gcc/arm-none-eabi/7.2.1/../../../../arm-none-eabi/lib/thumb/v6-m\libc_nano.a(lib_a-init.o)
                0x00004560                __libc_init_array
 .text.malloc   0x000045a8       0x14 c:/users/brews/appdata/local/arduino15/packages/arduino/tools/arm-none-eabi-gcc/7-2017q4/bin/../lib/gcc/arm-none-eabi/7.2.1/../../../../arm-none-eabi/lib/thumb/v6-m\libc_nano.a(lib_a-malloc.o)
                0x000045a8                malloc
 .text.free     0x000045bc       0x14 c:/users/brews/appdata/local/arduino15/packages/arduino/tools/arm-none-eabi-gcc/7-2017q4/bin/../lib/gcc/arm-none-eabi/7.2.1/../../../../arm-none-eabi/lib/thumb/v6-m\libc_nano.a(lib_a-malloc.o)
                0x000045bc                free
 .text.memcpy   0x000045d0       0x12 c:/users/brews/appdata/local/arduino15/packages/arduino/tools/arm-none-eabi-gcc/7-2017q4/bin/../lib/gcc/arm-none-eabi/7.2.1/../../../../arm-none-eabi/lib/thumb/v6-m\libc_nano.a(lib_a-memcpy-stub.o)
                0x000045d0                memcpy
 .text.memset   0x000045e2       0x10 c:/users/brews/appdata/local/arduino15/packages/arduino/tools/arm-none-eabi-gcc/7-2017q4/bin/../lib/gcc/arm-none-eabi/7.2.1/../../../../arm-none-eabi/lib/thumb/v6-m\libc_nano.a(lib_a-memset.o)
                0x000045e2                memset
 *fill*         0x000045f2        0x2 
 .text._free_r  0x000045f4       0x94 c:/users/brews/appdata/local/arduino15/packages/arduino/tools/arm-none-eabi-gcc/7-2017q4/bin/../lib/gcc/arm-none-eabi/7.2.1/../../../../arm-none-eabi/lib/thumb/v6-m\libc_nano.a(lib_a-nano-freer.o)
                0x000045f4                _free_r
 .text._malloc_r
                0x00004688       0xbc c:/users/brews/appdata/local/arduino15/packages/arduino/tools/arm-none-eabi-gcc/7-2017q4/bin/../lib/gcc/arm-none-eabi/7.2.1/../../../../arm-none-eabi/lib/thumb/v6-m\libc_nano.a(lib_a-nano-mallocr.o)
                0x00004688                _malloc_r
 .text._sbrk_r  0x00004744       0x24 c:/users/brews/appdata/local/arduino15/packages/arduino/tools/arm-none-eabi-gcc/7-2017q4/bin/../lib/gcc/arm-none-eabi/7.2.1/../../../../arm-none-eabi/lib/thumb/v6-m\libc_nano.a(lib_a-sbrkr.o)
                0x00004744                _sbrk_r
 .text          0x00004768        0xe c:/users/brews/appdata/local/arduino15/packages/arduino/tools/arm-none-eabi-gcc/7-2017q4/bin/../lib/gcc/arm-none-eabi/7.2.1/../../../../arm-none-eabi/lib/thumb/v6-m\libc_nano.a(lib_a-strlen.o)
                0x00004768                strlen
 .text.__malloc_lock
                0x00004776        0x2 c:/users/brews/appdata/local/arduino15/packages/arduino/tools/arm-none-eabi-gcc/7-2017q4/bin/../lib/gcc/arm-none-eabi/7.2.1/../../../../arm-none-eabi/lib/thumb/v6-m\libc_nano.a(lib_a-mlock.o)
                0x00004776                __malloc_lock
 .text.__malloc_unlock
                0x00004778        0x2 c:/users/brews/appdata/local/arduino15/packages/arduino/tools/arm-none-eabi-gcc/7-2017q4/bin/../lib/gcc/arm-none-eabi/7.2.1/../../../../arm-none-eabi/lib/thumb/v6-m\libc_nano.a(lib_a-mlock.o)
                0x00004778                __malloc_unlock
 *fill*         0x0000477a        0x2 
 .text._sbrk    0x0000477c       0x1c c:/users/brews/appdata/local/arduino15/packages/arduino/tools/arm-none-eabi-gcc/7-2017q4/bin/../lib/gcc/arm-none-eabi/7.2.1/../../../../arm-none-eabi/lib/thumb/v6-m\libnosys.a(sbrk.o)
                0x0000477c                _sbrk
 *(.init)
 .init          0x00004798        0x4 c:/users/brews/appdata/local/arduino15/packages/arduino/tools/arm-none-eabi-gcc/7-2017q4/bin/../lib/gcc/arm-none-eabi/7.2.1/thumb/v6-m/crti.o
                0x00004798                _init
 .init          0x0000479c        0x8 c:/users/brews/appdata/local/arduino15/packages/arduino/tools/arm-none-eabi-gcc/7-2017q4/bin/../lib/gcc/arm-none-eabi/7.2.1/thumb/v6-m/crtn.o
 *(.fini)
 .fini          0x000047a4        0x4 c:/users/brews/appdata/local/arduino15/packages/arduino/tools/arm-none-eabi-gcc/7-2017q4/bin/../lib/gcc/arm-none-eabi/7.2.1/thumb/v6-m/crti.o
                0x000047a4                _fini
 .fini          0x000047a8        0x8 c:/users/brews/appdata/local/arduino15/packages/arduino/tools/arm-none-eabi-gcc/7-2017q4/bin/../lib/gcc/arm-none-eabi/7.2.1/thumb/v6-m/crtn.o
 *crtbegin.o(.ctors)
 *crtbegin?.o(.ctors)
 *(EXCLUDE_FILE(*crtend.o *crtend?.o) .ctors)
 *(SORT_BY_NAME(.ctors.*))
 *(.ctors)
 *crtbegin.o(.dtors)
 *crtbegin?.o(.dtors)
 *(EXCLUDE_FILE(*crtend.o *crtend?.o) .dtors)
 *(SORT_BY_NAME(.dtors.*))
 *(.dtors)
 *(.rodata*)
 .rodata.g_APinDescription
                0x000047b0      0x450 C:\Users\brews\AppData\Local\arduino\sketches\D313FFA426ACAB69CD5A148870DF315B\core\variant.cpp.o
                0x000047b0                g_APinDescription
 .rodata._ZTV4Uart
                0x00004c00       0x34 C:\Users\brews\AppData\Local\arduino\sketches\D313FFA426ACAB69CD5A148870DF315B/..\..\cores\arduino_samd_arduino_zero_native_6ecdf848757e303adc3bde4750780c31\core.a(Uart.cpp.o)
                0x00004c00                vtable for Uart
 .rodata._ZTV26DoubleBufferedEPOutHandler
                0x00004c34       0x24 C:\Users\brews\AppData\Local\arduino\sketches\D313FFA426ACAB69CD5A148870DF315B/..\..\cores\arduino_samd_arduino_zero_native_6ecdf848757e303adc3bde4750780c31\core.a(USBCore.cpp.o)
                0x00004c34                vtable for DoubleBufferedEPOutHandler
 .rodata._ZL14STRING_PRODUCT
                0x00004c58        0xd C:\Users\brews\AppData\Local\arduino\sketches\D313FFA426ACAB69CD5A148870DF315B/..\..\cores\arduino_samd_arduino_zero_native_6ecdf848757e303adc3bde4750780c31\core.a(USBCore.cpp.o)
 *fill*         0x00004c65        0x1 
 .rodata._ZL15STRING_LANGUAGE
                0x00004c66        0x4 C:\Users\brews\AppData\Local\arduino\sketches\D313FFA426ACAB69CD5A148870DF315B/..\..\cores\arduino_samd_arduino_zero_native_6ecdf848757e303adc3bde4750780c31\core.a(USBCore.cpp.o)
 .rodata._ZL19STRING_MANUFACTURER
                0x00004c6a        0xc C:\Users\brews\AppData\Local\arduino\sketches\D313FFA426ACAB69CD5A148870DF315B/..\..\cores\arduino_samd_arduino_zero_native_6ecdf848757e303adc3bde4750780c31\core.a(USBCore.cpp.o)
 .rodata._ZL21USB_DeviceDescriptorB
                0x00004c76       0x12 C:\Users\brews\AppData\Local\arduino\sketches\D313FFA426ACAB69CD5A148870DF315B/..\..\cores\arduino_samd_arduino_zero_native_6ecdf848757e303adc3bde4750780c31\core.a(USBCore.cpp.o)
 .rodata        0x00004c88        0x8 C:\Users\brews\AppData\Local\arduino\sketches\D313FFA426ACAB69CD5A148870DF315B/..\..\cores\arduino_samd_arduino_zero_native_6ecdf848757e303adc3bde4750780c31\core.a(CDC.cpp.o)
 .rodata._ZTV7Serial_
                0x00004c90       0x60 C:\Users\brews\AppData\Local\arduino\sketches\D313FFA426ACAB69CD5A148870DF315B/..\..\cores\arduino_samd_arduino_zero_native_6ecdf848757e303adc3bde4750780c31\core.a(CDC.cpp.o)
                0x00004c90                vtable for Serial_
 *(.eh_frame*)
 .eh_frame      0x00004cf0        0x0 c:/users/brews/appdata/local/arduino15/packages/arduino/tools/arm-none-eabi-gcc/7-2017q4/bin/../lib/gcc/arm-none-eabi/7.2.1/thumb/v6-m/crtbegin.o
 .eh_frame      0x00004cf0        0x4 c:/users/brews/appdata/local/arduino15/packages/arduino/tools/arm-none-eabi-gcc/7-2017q4/bin/../lib/gcc/arm-none-eabi/7.2.1/thumb/v6-m/crtend.o

.glue_7         0x00004cf4        0x0
 .glue_7        0x00004cf4        0x0 linker stubs

.glue_7t        0x00004cf4        0x0
 .glue_7t       0x00004cf4        0x0 linker stubs

.vfp11_veneer   0x00004cf4        0x0
 .vfp11_veneer  0x00004cf4        0x0 linker stubs

.v4_bx          0x00004cf4        0x0
 .v4_bx         0x00004cf4        0x0 linker stubs

.iplt           0x00004cf4        0x0
 .iplt          0x00004cf4        0x0 c:/users/brews/appdata/local/arduino15/packages/arduino/tools/arm-none-eabi-gcc/7-2017q4/bin/../lib/gcc/arm-none-eabi/7.2.1/thumb/v6-m/crtbegin.o

.rel.dyn        0x00004cf4        0x0
 .rel.iplt      0x00004cf4        0x0 c:/users/brews/appdata/local/arduino15/packages/arduino/tools/arm-none-eabi-gcc/7-2017q4/bin/../lib/gcc/arm-none-eabi/7.2.1/thumb/v6-m/crtbegin.o

.ARM.extab
 *(.ARM.extab* .gnu.linkonce.armextab.*)
                0x00004cf4                __exidx_start = .

.ARM.exidx
 *(.ARM.exidx* .gnu.linkonce.armexidx.*)
                0x00004cf4                __exidx_end = .
                0x00004cf4                __etext = .

.data           0x20000000       0x90 load address 0x00004cf4
                0x20000000                __data_start__ = .
 *(vtable)
 *(.data*)
 .data.SystemCoreClock
                0x20000000        0x4 C:\Users\brews\AppData\Local\arduino\sketches\D313FFA426ACAB69CD5A148870DF315B/..\..\cores\arduino_samd_arduino_zero_native_6ecdf848757e303adc3bde4750780c31\core.a(wiring.c.o)
                0x20000000                SystemCoreClock
 .data._ZL5ticks
                0x20000004        0x4 C:\Users\brews\AppData\Local\arduino\sketches\D313FFA426ACAB69CD5A148870DF315B/..\..\cores\arduino_samd_arduino_zero_native_6ecdf848757e303adc3bde4750780c31\core.a(Reset.cpp.o)
 .data._ZL10breakValue
                0x20000008        0x4 C:\Users\brews\AppData\Local\arduino\sketches\D313FFA426ACAB69CD5A148870DF315B/..\..\cores\arduino_samd_arduino_zero_native_6ecdf848757e303adc3bde4750780c31\core.a(CDC.cpp.o)
 .data._serialPeek
                0x2000000c        0x4 C:\Users\brews\AppData\Local\arduino\sketches\D313FFA426ACAB69CD5A148870DF315B/..\..\cores\arduino_samd_arduino_zero_native_6ecdf848757e303adc3bde4750780c31\core.a(CDC.cpp.o)
                0x2000000c                _serialPeek
 .data._impure_ptr
                0x20000010        0x4 c:/users/brews/appdata/local/arduino15/packages/arduino/tools/arm-none-eabi-gcc/7-2017q4/bin/../lib/gcc/arm-none-eabi/7.2.1/../../../../arm-none-eabi/lib/thumb/v6-m\libc_nano.a(lib_a-impure.o)
                0x20000010                _impure_ptr
 .data.impure_data
                0x20000014       0x60 c:/users/brews/appdata/local/arduino15/packages/arduino/tools/arm-none-eabi-gcc/7-2017q4/bin/../lib/gcc/arm-none-eabi/7.2.1/../../../../arm-none-eabi/lib/thumb/v6-m\libc_nano.a(lib_a-impure.o)
                0x20000074                . = ALIGN (0x4)
                0x20000074                PROVIDE (__preinit_array_start, .)
 *(.preinit_array)
                0x20000074                PROVIDE (__preinit_array_end, .)
                0x20000074                . = ALIGN (0x4)
                0x20000074                PROVIDE (__init_array_start, .)
 *(SORT_BY_NAME(.init_array.*))
 *(.init_array)
 .init_array    0x20000074        0x4 c:/users/brews/appdata/local/arduino15/packages/arduino/tools/arm-none-eabi-gcc/7-2017q4/bin/../lib/gcc/arm-none-eabi/7.2.1/thumb/v6-m/crtbegin.o
 .init_array    0x20000078        0x4 C:\Users\brews\AppData\Local\arduino\sketches\D313FFA426ACAB69CD5A148870DF315B\core\variant.cpp.o
 .init_array    0x2000007c        0x4 C:\Users\brews\AppData\Local\arduino\sketches\D313FFA426ACAB69CD5A148870DF315B/..\..\cores\arduino_samd_arduino_zero_native_6ecdf848757e303adc3bde4750780c31\core.a(USBCore.cpp.o)
 .init_array    0x20000080        0x4 C:\Users\brews\AppData\Local\arduino\sketches\D313FFA426ACAB69CD5A148870DF315B/..\..\cores\arduino_samd_arduino_zero_native_6ecdf848757e303adc3bde4750780c31\core.a(CDC.cpp.o)
                0x20000084                PROVIDE (__init_array_end, .)
                0x20000084                . = ALIGN (0x4)
                [!provide]                PROVIDE (__fini_array_start, .)
 *(SORT_BY_NAME(.fini_array.*))
 *(.fini_array)
 .fini_array    0x20000084        0x4 c:/users/brews/appdata/local/arduino15/packages/arduino/tools/arm-none-eabi-gcc/7-2017q4/bin/../lib/gcc/arm-none-eabi/7.2.1/thumb/v6-m/crtbegin.o
                [!provide]                PROVIDE (__fini_array_end, .)
 *(.jcr*)
                0x20000090                . = ALIGN (0x10)
 *fill*         0x20000088        0x8 
                0x20000090                __data_end__ = .

.igot.plt       0x20000090        0x0 load address 0x00004d84
 .igot.plt      0x20000090        0x0 c:/users/brews/appdata/local/arduino15/packages/arduino/tools/arm-none-eabi-gcc/7-2017q4/bin/../lib/gcc/arm-none-eabi/7.2.1/thumb/v6-m/crtbegin.o

.bss            0x20000090      0xb1c load address 0x00004d84
                0x20000090                . = ALIGN (0x4)
                0x20000090                __bss_start__ = .
 *(.bss*)
 .bss           0x20000090       0x1c c:/users/brews/appdata/local/arduino15/packages/arduino/tools/arm-none-eabi-gcc/7-2017q4/bin/../lib/gcc/arm-none-eabi/7.2.1/thumb/v6-m/crtbegin.o
 .bss.Serial    0x200000ac      0x244 C:\Users\brews\AppData\Local\arduino\sketches\D313FFA426ACAB69CD5A148870DF315B\core\variant.cpp.o
                0x200000ac                Serial
 .bss.Serial1   0x200002f0      0x244 C:\Users\brews\AppData\Local\arduino\sketches\D313FFA426ACAB69CD5A148870DF315B\core\variant.cpp.o
                0x200002f0                Serial1
 .bss.sercom0   0x20000534        0x8 C:\Users\brews\AppData\Local\arduino\sketches\D313FFA426ACAB69CD5A148870DF315B\core\variant.cpp.o
                0x20000534                sercom0
 .bss.sercom1   0x2000053c        0x8 C:\Users\brews\AppData\Local\arduino\sketches\D313FFA426ACAB69CD5A148870DF315B\core\variant.cpp.o
                0x2000053c                sercom1
 .bss.sercom2   0x20000544        0x8 C:\Users\brews\AppData\Local\arduino\sketches\D313FFA426ACAB69CD5A148870DF315B\core\variant.cpp.o
                0x20000544                sercom2
 .bss.sercom3   0x2000054c        0x8 C:\Users\brews\AppData\Local\arduino\sketches\D313FFA426ACAB69CD5A148870DF315B\core\variant.cpp.o
                0x2000054c                sercom3
 .bss.sercom4   0x20000554        0x8 C:\Users\brews\AppData\Local\arduino\sketches\D313FFA426ACAB69CD5A148870DF315B\core\variant.cpp.o
                0x20000554                sercom4
 .bss.sercom5   0x2000055c        0x8 C:\Users\brews\AppData\Local\arduino\sketches\D313FFA426ACAB69CD5A148870DF315B\core\variant.cpp.o
                0x2000055c                sercom5
 .bss.usb_isr   0x20000564        0x4 C:\Users\brews\AppData\Local\arduino\sketches\D313FFA426ACAB69CD5A148870DF315B/..\..\cores\arduino_samd_arduino_zero_native_6ecdf848757e303adc3bde4750780c31\core.a(cortex_handlers.c.o)
 .bss._ulTickCount
                0x20000568        0x4 C:\Users\brews\AppData\Local\arduino\sketches\D313FFA426ACAB69CD5A148870DF315B/..\..\cores\arduino_samd_arduino_zero_native_6ecdf848757e303adc3bde4750780c31\core.a(delay.c.o)
 .bss.EndPoints
                0x2000056c       0x28 C:\Users\brews\AppData\Local\arduino\sketches\D313FFA426ACAB69CD5A148870DF315B/..\..\cores\arduino_samd_arduino_zero_native_6ecdf848757e303adc3bde4750780c31\core.a(USBCore.cpp.o)
                0x2000056c                EndPoints
 .bss.USBDevice
                0x20000594        0x1 C:\Users\brews\AppData\Local\arduino\sketches\D313FFA426ACAB69CD5A148870DF315B/..\..\cores\arduino_samd_arduino_zero_native_6ecdf848757e303adc3bde4750780c31\core.a(USBCore.cpp.o)
                0x20000594                USBDevice
 *fill*         0x20000595        0x3 
 .bss._ZL10epHandlers
                0x20000598       0x1c C:\Users\brews\AppData\Local\arduino\sketches\D313FFA426ACAB69CD5A148870DF315B/..\..\cores\arduino_samd_arduino_zero_native_6ecdf848757e303adc3bde4750780c31\core.a(USBCore.cpp.o)
 .bss._ZL10rxLEDPulse
                0x200005b4        0x1 C:\Users\brews\AppData\Local\arduino\sketches\D313FFA426ACAB69CD5A148870DF315B/..\..\cores\arduino_samd_arduino_zero_native_6ecdf848757e303adc3bde4750780c31\core.a(USBCore.cpp.o)
 .bss._ZL10txLEDPulse
                0x200005b5        0x1 C:\Users\brews\AppData\Local\arduino\sketches\D313FFA426ACAB69CD5A148870DF315B/..\..\cores\arduino_samd_arduino_zero_native_6ecdf848757e303adc3bde4750780c31\core.a(USBCore.cpp.o)
 .bss._ZL14isEndpointHalt
                0x200005b6        0x1 C:\Users\brews\AppData\Local\arduino\sketches\D313FFA426ACAB69CD5A148870DF315B/..\..\cores\arduino_samd_arduino_zero_native_6ecdf848757e303adc3bde4750780c31\core.a(USBCore.cpp.o)
 .bss._ZL20LastTransmitTimedOut
                0x200005b7        0x7 C:\Users\brews\AppData\Local\arduino\sketches\D313FFA426ACAB69CD5A148870DF315B/..\..\cores\arduino_samd_arduino_zero_native_6ecdf848757e303adc3bde4750780c31\core.a(USBCore.cpp.o)
 .bss._ZL21isRemoteWakeUpEnabled
                0x200005be        0x1 C:\Users\brews\AppData\Local\arduino\sketches\D313FFA426ACAB69CD5A148870DF315B/..\..\cores\arduino_samd_arduino_zero_native_6ecdf848757e303adc3bde4750780c31\core.a(USBCore.cpp.o)
 *fill*         0x200005bf        0x1 
 .bss._ZL22udd_ep_in_cache_buffer
                0x200005c0      0x1c0 C:\Users\brews\AppData\Local\arduino\sketches\D313FFA426ACAB69CD5A148870DF315B/..\..\cores\arduino_samd_arduino_zero_native_6ecdf848757e303adc3bde4750780c31\core.a(USBCore.cpp.o)
 .bss._ZL23udd_ep_out_cache_buffer
                0x20000780      0x1c0 C:\Users\brews\AppData\Local\arduino\sketches\D313FFA426ACAB69CD5A148870DF315B/..\..\cores\arduino_samd_arduino_zero_native_6ecdf848757e303adc3bde4750780c31\core.a(USBCore.cpp.o)
 .bss._dry_run  0x20000940        0x1 C:\Users\brews\AppData\Local\arduino\sketches\D313FFA426ACAB69CD5A148870DF315B/..\..\cores\arduino_samd_arduino_zero_native_6ecdf848757e303adc3bde4750780c31\core.a(USBCore.cpp.o)
                0x20000940                _dry_run
 .bss._pack_buffer
                0x20000941      0x100 C:\Users\brews\AppData\Local\arduino\sketches\D313FFA426ACAB69CD5A148870DF315B/..\..\cores\arduino_samd_arduino_zero_native_6ecdf848757e303adc3bde4750780c31\core.a(USBCore.cpp.o)
                0x20000941                _pack_buffer
 .bss._pack_message
                0x20000a41        0x1 C:\Users\brews\AppData\Local\arduino\sketches\D313FFA426ACAB69CD5A148870DF315B/..\..\cores\arduino_samd_arduino_zero_native_6ecdf848757e303adc3bde4750780c31\core.a(USBCore.cpp.o)
                0x20000a41                _pack_message
 .bss._pack_size
                0x20000a42        0x2 C:\Users\brews\AppData\Local\arduino\sketches\D313FFA426ACAB69CD5A148870DF315B/..\..\cores\arduino_samd_arduino_zero_native_6ecdf848757e303adc3bde4750780c31\core.a(USBCore.cpp.o)
                0x20000a42                _pack_size
 .bss._usbConfiguration
                0x20000a44        0x4 C:\Users\brews\AppData\Local\arduino\sketches\D313FFA426ACAB69CD5A148870DF315B/..\..\cores\arduino_samd_arduino_zero_native_6ecdf848757e303adc3bde4750780c31\core.a(USBCore.cpp.o)
                0x20000a44                _usbConfiguration
 .bss._usbSetInterface
                0x20000a48        0x4 C:\Users\brews\AppData\Local\arduino\sketches\D313FFA426ACAB69CD5A148870DF315B/..\..\cores\arduino_samd_arduino_zero_native_6ecdf848757e303adc3bde4750780c31\core.a(USBCore.cpp.o)
                0x20000a48                _usbSetInterface
 .bss.usbd      0x20000a4c      0x104 C:\Users\brews\AppData\Local\arduino\sketches\D313FFA426ACAB69CD5A148870DF315B/..\..\cores\arduino_samd_arduino_zero_native_6ecdf848757e303adc3bde4750780c31\core.a(USBCore.cpp.o)
                0x20000a4c                usbd
 .bss._ZGVZ12PluggableUSBvE3obj
                0x20000b50        0x4 C:\Users\brews\AppData\Local\arduino\sketches\D313FFA426ACAB69CD5A148870DF315B/..\..\cores\arduino_samd_arduino_zero_native_6ecdf848757e303adc3bde4750780c31\core.a(PluggableUSB.cpp.o)
 .bss._ZZ12PluggableUSBvE3obj
                0x20000b54        0xc C:\Users\brews\AppData\Local\arduino\sketches\D313FFA426ACAB69CD5A148870DF315B/..\..\cores\arduino_samd_arduino_zero_native_6ecdf848757e303adc3bde4750780c31\core.a(PluggableUSB.cpp.o)
 .bss.SerialUSB
                0x20000b60       0x3c C:\Users\brews\AppData\Local\arduino\sketches\D313FFA426ACAB69CD5A148870DF315B/..\..\cores\arduino_samd_arduino_zero_native_6ecdf848757e303adc3bde4750780c31\core.a(CDC.cpp.o)
                0x20000b60                SerialUSB
 .bss.__malloc_free_list
                0x20000b9c        0x4 c:/users/brews/appdata/local/arduino15/packages/arduino/tools/arm-none-eabi-gcc/7-2017q4/bin/../lib/gcc/arm-none-eabi/7.2.1/../../../../arm-none-eabi/lib/thumb/v6-m\libc_nano.a(lib_a-nano-mallocr.o)
                0x20000b9c                __malloc_free_list
 .bss.__malloc_sbrk_start
                0x20000ba0        0x4 c:/users/brews/appdata/local/arduino15/packages/arduino/tools/arm-none-eabi-gcc/7-2017q4/bin/../lib/gcc/arm-none-eabi/7.2.1/../../../../arm-none-eabi/lib/thumb/v6-m\libc_nano.a(lib_a-nano-mallocr.o)
                0x20000ba0                __malloc_sbrk_start
 .bss.heap_end.4102
                0x20000ba4        0x4 c:/users/brews/appdata/local/arduino15/packages/arduino/tools/arm-none-eabi-gcc/7-2017q4/bin/../lib/gcc/arm-none-eabi/7.2.1/../../../../arm-none-eabi/lib/thumb/v6-m\libnosys.a(sbrk.o)
 *(COMMON)
 COMMON         0x20000ba8        0x4 c:/users/brews/appdata/local/arduino15/packages/arduino/tools/arm-none-eabi-gcc/7-2017q4/bin/../lib/gcc/arm-none-eabi/7.2.1/../../../../arm-none-eabi/lib/thumb/v6-m\libc_nano.a(lib_a-reent.o)
                0x20000ba8                errno
                0x20000bac                . = ALIGN (0x4)
                0x20000bac                __bss_end__ = .

.heap           0x20000bac        0x0
                0x20000bac                __end__ = .
                0x20000bac                PROVIDE (end, .)
 *(.heap*)
                0x20000bac                __HeapLimit = .

.stack_dummy    0x20000bac        0x0
 *(.stack*)
                0x20008000                __StackTop = (ORIGIN (RAM) + LENGTH (RAM))
                0x20008000                __StackLimit = (__StackTop - SIZEOF (.stack_dummy))
                0x20008000                PROVIDE (__stack, __StackTop)
                0x20007fff                __ram_end__ = ((ORIGIN (RAM) + LENGTH (RAM)) - 0x1)
                0x00000001                ASSERT ((__StackLimit >= __HeapLimit), region RAM overflowed with stack)
OUTPUT(C:\Users\brews\AppData\Local\arduino\sketches\D313FFA426ACAB69CD5A148870DF315B/SAMD21J18_Blinky.ino.elf elf32-littlearm)

.ARM.attributes
                0x00000000       0x28
 .ARM.attributes
                0x00000000       0x1e c:/users/brews/appdata/local/arduino15/packages/arduino/tools/arm-none-eabi-gcc/7-2017q4/bin/../lib/gcc/arm-none-eabi/7.2.1/thumb/v6-m/crti.o
 .ARM.attributes
                0x0000001e       0x2c c:/users/brews/appdata/local/arduino15/packages/arduino/tools/arm-none-eabi-gcc/7-2017q4/bin/../lib/gcc/arm-none-eabi/7.2.1/thumb/v6-m/crtbegin.o
 .ARM.attributes
                0x0000004a       0x32 C:\Users\brews\AppData\Local\arduino\sketches\D313FFA426ACAB69CD5A148870DF315B\sketch\SAMD21J18_Blinky.ino.cpp.o
 .ARM.attributes
                0x0000007c       0x32 C:\Users\brews\AppData\Local\arduino\sketches\D313FFA426ACAB69CD5A148870DF315B\core\variant.cpp.o
 .ARM.attributes
                0x000000ae       0x32 C:\Users\brews\AppData\Local\arduino\sketches\D313FFA426ACAB69CD5A148870DF315B/..\..\cores\arduino_samd_arduino_zero_native_6ecdf848757e303adc3bde4750780c31\core.a(SERCOM.cpp.o)
 .ARM.attributes
                0x000000e0       0x32 C:\Users\brews\AppData\Local\arduino\sketches\D313FFA426ACAB69CD5A148870DF315B/..\..\cores\arduino_samd_arduino_zero_native_6ecdf848757e303adc3bde4750780c31\core.a(Uart.cpp.o)
 .ARM.attributes
                0x00000112       0x32 C:\Users\brews\AppData\Local\arduino\sketches\D313FFA426ACAB69CD5A148870DF315B/..\..\cores\arduino_samd_arduino_zero_native_6ecdf848757e303adc3bde4750780c31\core.a(Print.cpp.o)
 .ARM.attributes
                0x00000144       0x32 C:\Users\brews\AppData\Local\arduino\sketches\D313FFA426ACAB69CD5A148870DF315B/..\..\cores\arduino_samd_arduino_zero_native_6ecdf848757e303adc3bde4750780c31\core.a(cortex_handlers.c.o)
 .ARM.attributes
                0x00000176       0x32 C:\Users\brews\AppData\Local\arduino\sketches\D313FFA426ACAB69CD5A148870DF315B/..\..\cores\arduino_samd_arduino_zero_native_6ecdf848757e303adc3bde4750780c31\core.a(delay.c.o)
 .ARM.attributes
                0x000001a8       0x32 C:\Users\brews\AppData\Local\arduino\sketches\D313FFA426ACAB69CD5A148870DF315B/..\..\cores\arduino_samd_arduino_zero_native_6ecdf848757e303adc3bde4750780c31\core.a(hooks.c.o)
 .ARM.attributes
                0x000001da       0x32 C:\Users\brews\AppData\Local\arduino\sketches\D313FFA426ACAB69CD5A148870DF315B/..\..\cores\arduino_samd_arduino_zero_native_6ecdf848757e303adc3bde4750780c31\core.a(main.cpp.o)
 .ARM.attributes
                0x0000020c       0x32 C:\Users\brews\AppData\Local\arduino\sketches\D313FFA426ACAB69CD5A148870DF315B/..\..\cores\arduino_samd_arduino_zero_native_6ecdf848757e303adc3bde4750780c31\core.a(startup.c.o)
 .ARM.attributes
                0x0000023e       0x32 C:\Users\brews\AppData\Local\arduino\sketches\D313FFA426ACAB69CD5A148870DF315B/..\..\cores\arduino_samd_arduino_zero_native_6ecdf848757e303adc3bde4750780c31\core.a(wiring.c.o)
 .ARM.attributes
                0x00000270       0x32 C:\Users\brews\AppData\Local\arduino\sketches\D313FFA426ACAB69CD5A148870DF315B/..\..\cores\arduino_samd_arduino_zero_native_6ecdf848757e303adc3bde4750780c31\core.a(wiring_analog.c.o)
 .ARM.attributes
                0x000002a2       0x32 C:\Users\brews\AppData\Local\arduino\sketches\D313FFA426ACAB69CD5A148870DF315B/..\..\cores\arduino_samd_arduino_zero_native_6ecdf848757e303adc3bde4750780c31\core.a(wiring_digital.c.o)
 .ARM.attributes
                0x000002d4       0x32 C:\Users\brews\AppData\Local\arduino\sketches\D313FFA426ACAB69CD5A148870DF315B/..\..\cores\arduino_samd_arduino_zero_native_6ecdf848757e303adc3bde4750780c31\core.a(wiring_private.c.o)
 .ARM.attributes
                0x00000306       0x32 C:\Users\brews\AppData\Local\arduino\sketches\D313FFA426ACAB69CD5A148870DF315B/..\..\cores\arduino_samd_arduino_zero_native_6ecdf848757e303adc3bde4750780c31\core.a(Reset.cpp.o)
 .ARM.attributes
                0x00000338       0x32 C:\Users\brews\AppData\Local\arduino\sketches\D313FFA426ACAB69CD5A148870DF315B/..\..\cores\arduino_samd_arduino_zero_native_6ecdf848757e303adc3bde4750780c31\core.a(USBCore.cpp.o)
 .ARM.attributes
                0x0000036a       0x32 C:\Users\brews\AppData\Local\arduino\sketches\D313FFA426ACAB69CD5A148870DF315B/..\..\cores\arduino_samd_arduino_zero_native_6ecdf848757e303adc3bde4750780c31\core.a(PluggableUSB.cpp.o)
 .ARM.attributes
                0x0000039c       0x32 C:\Users\brews\AppData\Local\arduino\sketches\D313FFA426ACAB69CD5A148870DF315B/..\..\cores\arduino_samd_arduino_zero_native_6ecdf848757e303adc3bde4750780c31\core.a(new.cpp.o)
 .ARM.attributes
                0x000003ce       0x32 C:\Users\brews\AppData\Local\arduino\sketches\D313FFA426ACAB69CD5A148870DF315B/..\..\cores\arduino_samd_arduino_zero_native_6ecdf848757e303adc3bde4750780c31\core.a(CDC.cpp.o)
 .ARM.attributes
                0x00000400       0x1e c:/users/brews/appdata/local/arduino15/packages/arduino/tools/arm-none-eabi-gcc/7-2017q4/bin/../lib/gcc/arm-none-eabi/7.2.1/thumb/v6-m\libgcc.a(_thumb1_case_uqi.o)
 .ARM.attributes
                0x0000041e       0x1e c:/users/brews/appdata/local/arduino15/packages/arduino/tools/arm-none-eabi-gcc/7-2017q4/bin/../lib/gcc/arm-none-eabi/7.2.1/thumb/v6-m\libgcc.a(_udivsi3.o)
 .ARM.attributes
                0x0000043c       0x1e c:/users/brews/appdata/local/arduino15/packages/arduino/tools/arm-none-eabi-gcc/7-2017q4/bin/../lib/gcc/arm-none-eabi/7.2.1/thumb/v6-m\libgcc.a(_dvmd_tls.o)
 .ARM.attributes
                0x0000045a       0x2c c:/users/brews/appdata/local/arduino15/packages/arduino/tools/arm-none-eabi-gcc/7-2017q4/bin/../lib/gcc/arm-none-eabi/7.2.1/../../../../arm-none-eabi/lib/thumb/v6-m\libc_nano.a(lib_a-impure.o)
 .ARM.attributes
                0x00000486       0x2c c:/users/brews/appdata/local/arduino15/packages/arduino/tools/arm-none-eabi-gcc/7-2017q4/bin/../lib/gcc/arm-none-eabi/7.2.1/../../../../arm-none-eabi/lib/thumb/v6-m\libc_nano.a(lib_a-init.o)
 .ARM.attributes
                0x000004b2       0x2c c:/users/brews/appdata/local/arduino15/packages/arduino/tools/arm-none-eabi-gcc/7-2017q4/bin/../lib/gcc/arm-none-eabi/7.2.1/../../../../arm-none-eabi/lib/thumb/v6-m\libc_nano.a(lib_a-malloc.o)
 .ARM.attributes
                0x000004de       0x2c c:/users/brews/appdata/local/arduino15/packages/arduino/tools/arm-none-eabi-gcc/7-2017q4/bin/../lib/gcc/arm-none-eabi/7.2.1/../../../../arm-none-eabi/lib/thumb/v6-m\libc_nano.a(lib_a-memcpy-stub.o)
 .ARM.attributes
                0x0000050a       0x2c c:/users/brews/appdata/local/arduino15/packages/arduino/tools/arm-none-eabi-gcc/7-2017q4/bin/../lib/gcc/arm-none-eabi/7.2.1/../../../../arm-none-eabi/lib/thumb/v6-m\libc_nano.a(lib_a-memset.o)
 .ARM.attributes
                0x00000536       0x2c c:/users/brews/appdata/local/arduino15/packages/arduino/tools/arm-none-eabi-gcc/7-2017q4/bin/../lib/gcc/arm-none-eabi/7.2.1/../../../../arm-none-eabi/lib/thumb/v6-m\libc_nano.a(lib_a-nano-freer.o)
 .ARM.attributes
                0x00000562       0x2c c:/users/brews/appdata/local/arduino15/packages/arduino/tools/arm-none-eabi-gcc/7-2017q4/bin/../lib/gcc/arm-none-eabi/7.2.1/../../../../arm-none-eabi/lib/thumb/v6-m\libc_nano.a(lib_a-nano-mallocr.o)
 .ARM.attributes
                0x0000058e       0x2c c:/users/brews/appdata/local/arduino15/packages/arduino/tools/arm-none-eabi-gcc/7-2017q4/bin/../lib/gcc/arm-none-eabi/7.2.1/../../../../arm-none-eabi/lib/thumb/v6-m\libc_nano.a(lib_a-sbrkr.o)
 .ARM.attributes
                0x000005ba       0x1c c:/users/brews/appdata/local/arduino15/packages/arduino/tools/arm-none-eabi-gcc/7-2017q4/bin/../lib/gcc/arm-none-eabi/7.2.1/../../../../arm-none-eabi/lib/thumb/v6-m\libc_nano.a(lib_a-strlen.o)
 .ARM.attributes
                0x000005d6       0x2c c:/users/brews/appdata/local/arduino15/packages/arduino/tools/arm-none-eabi-gcc/7-2017q4/bin/../lib/gcc/arm-none-eabi/7.2.1/../../../../arm-none-eabi/lib/thumb/v6-m\libc_nano.a(lib_a-mlock.o)
 .ARM.attributes
                0x00000602       0x2c c:/users/brews/appdata/local/arduino15/packages/arduino/tools/arm-none-eabi-gcc/7-2017q4/bin/../lib/gcc/arm-none-eabi/7.2.1/../../../../arm-none-eabi/lib/thumb/v6-m\libc_nano.a(lib_a-reent.o)
 .ARM.attributes
                0x0000062e       0x2c c:/users/brews/appdata/local/arduino15/packages/arduino/tools/arm-none-eabi-gcc/7-2017q4/bin/../lib/gcc/arm-none-eabi/7.2.1/../../../../arm-none-eabi/lib/thumb/v6-m\libnosys.a(sbrk.o)
 .ARM.attributes
                0x0000065a       0x2c c:/users/brews/appdata/local/arduino15/packages/arduino/tools/arm-none-eabi-gcc/7-2017q4/bin/../lib/gcc/arm-none-eabi/7.2.1/thumb/v6-m/crtend.o
 .ARM.attributes
                0x00000686       0x1e c:/users/brews/appdata/local/arduino15/packages/arduino/tools/arm-none-eabi-gcc/7-2017q4/bin/../lib/gcc/arm-none-eabi/7.2.1/thumb/v6-m/crtn.o

.comment        0x00000000       0x7e
 .comment       0x00000000       0x7e C:\Users\brews\AppData\Local\arduino\sketches\D313FFA426ACAB69CD5A148870DF315B\sketch\SAMD21J18_Blinky.ino.cpp.o
                                 0x7f (size before relaxing)
 .comment       0x0000007e       0x7f C:\Users\brews\AppData\Local\arduino\sketches\D313FFA426ACAB69CD5A148870DF315B\core\variant.cpp.o
 .comment       0x0000007e       0x7f C:\Users\brews\AppData\Local\arduino\sketches\D313FFA426ACAB69CD5A148870DF315B/..\..\cores\arduino_samd_arduino_zero_native_6ecdf848757e303adc3bde4750780c31\core.a(SERCOM.cpp.o)
 .comment       0x0000007e       0x7f C:\Users\brews\AppData\Local\arduino\sketches\D313FFA426ACAB69CD5A148870DF315B/..\..\cores\arduino_samd_arduino_zero_native_6ecdf848757e303adc3bde4750780c31\core.a(Uart.cpp.o)
 .comment       0x0000007e       0x7f C:\Users\brews\AppData\Local\arduino\sketches\D313FFA426ACAB69CD5A148870DF315B/..\..\cores\arduino_samd_arduino_zero_native_6ecdf848757e303adc3bde4750780c31\core.a(Print.cpp.o)
 .comment       0x0000007e       0x7f C:\Users\brews\AppData\Local\arduino\sketches\D313FFA426ACAB69CD5A148870DF315B/..\..\cores\arduino_samd_arduino_zero_native_6ecdf848757e303adc3bde4750780c31\core.a(cortex_handlers.c.o)
 .comment       0x0000007e       0x7f C:\Users\brews\AppData\Local\arduino\sketches\D313FFA426ACAB69CD5A148870DF315B/..\..\cores\arduino_samd_arduino_zero_native_6ecdf848757e303adc3bde4750780c31\core.a(delay.c.o)
 .comment       0x0000007e       0x7f C:\Users\brews\AppData\Local\arduino\sketches\D313FFA426ACAB69CD5A148870DF315B/..\..\cores\arduino_samd_arduino_zero_native_6ecdf848757e303adc3bde4750780c31\core.a(hooks.c.o)
 .comment       0x0000007e       0x7f C:\Users\brews\AppData\Local\arduino\sketches\D313FFA426ACAB69CD5A148870DF315B/..\..\cores\arduino_samd_arduino_zero_native_6ecdf848757e303adc3bde4750780c31\core.a(main.cpp.o)
 .comment       0x0000007e       0x7f C:\Users\brews\AppData\Local\arduino\sketches\D313FFA426ACAB69CD5A148870DF315B/..\..\cores\arduino_samd_arduino_zero_native_6ecdf848757e303adc3bde4750780c31\core.a(startup.c.o)
 .comment       0x0000007e       0x7f C:\Users\brews\AppData\Local\arduino\sketches\D313FFA426ACAB69CD5A148870DF315B/..\..\cores\arduino_samd_arduino_zero_native_6ecdf848757e303adc3bde4750780c31\core.a(wiring.c.o)
 .comment       0x0000007e       0x7f C:\Users\brews\AppData\Local\arduino\sketches\D313FFA426ACAB69CD5A148870DF315B/..\..\cores\arduino_samd_arduino_zero_native_6ecdf848757e303adc3bde4750780c31\core.a(wiring_analog.c.o)
 .comment       0x0000007e       0x7f C:\Users\brews\AppData\Local\arduino\sketches\D313FFA426ACAB69CD5A148870DF315B/..\..\cores\arduino_samd_arduino_zero_native_6ecdf848757e303adc3bde4750780c31\core.a(wiring_digital.c.o)
 .comment       0x0000007e       0x7f C:\Users\brews\AppData\Local\arduino\sketches\D313FFA426ACAB69CD5A148870DF315B/..\..\cores\arduino_samd_arduino_zero_native_6ecdf848757e303adc3bde4750780c31\core.a(wiring_private.c.o)
 .comment       0x0000007e       0x7f C:\Users\brews\AppData\Local\arduino\sketches\D313FFA426ACAB69CD5A148870DF315B/..\..\cores\arduino_samd_arduino_zero_native_6ecdf848757e303adc3bde4750780c31\core.a(Reset.cpp.o)
 .comment       0x0000007e       0x7f C:\Users\brews\AppData\Local\arduino\sketches\D313FFA426ACAB69CD5A148870DF315B/..\..\cores\arduino_samd_arduino_zero_native_6ecdf848757e303adc3bde4750780c31\core.a(USBCore.cpp.o)
 .comment       0x0000007e       0x7f C:\Users\brews\AppData\Local\arduino\sketches\D313FFA426ACAB69CD5A148870DF315B/..\..\cores\arduino_samd_arduino_zero_native_6ecdf848757e303adc3bde4750780c31\core.a(PluggableUSB.cpp.o)
 .comment       0x0000007e       0x7f C:\Users\brews\AppData\Local\arduino\sketches\D313FFA426ACAB69CD5A148870DF315B/..\..\cores\arduino_samd_arduino_zero_native_6ecdf848757e303adc3bde4750780c31\core.a(new.cpp.o)
 .comment       0x0000007e       0x7f C:\Users\brews\AppData\Local\arduino\sketches\D313FFA426ACAB69CD5A148870DF315B/..\..\cores\arduino_samd_arduino_zero_native_6ecdf848757e303adc3bde4750780c31\core.a(CDC.cpp.o)

.debug_info     0x00000000    0x557f3
 .debug_info    0x00000000     0x62ad C:\Users\brews\AppData\Local\arduino\sketches\D313FFA426ACAB69CD5A148870DF315B\sketch\SAMD21J18_Blinky.ino.cpp.o
 .debug_info    0x000062ad     0x7686 C:\Users\brews\AppData\Local\arduino\sketches\D313FFA426ACAB69CD5A148870DF315B\core\variant.cpp.o
 .debug_info    0x0000d933     0x7162 C:\Users\brews\AppData\Local\arduino\sketches\D313FFA426ACAB69CD5A148870DF315B/..\..\cores\arduino_samd_arduino_zero_native_6ecdf848757e303adc3bde4750780c31\core.a(SERCOM.cpp.o)
 .debug_info    0x00014a95     0x7dea C:\Users\brews\AppData\Local\arduino\sketches\D313FFA426ACAB69CD5A148870DF315B/..\..\cores\arduino_samd_arduino_zero_native_6ecdf848757e303adc3bde4750780c31\core.a(Uart.cpp.o)
 .debug_info    0x0001c87f     0x410f C:\Users\brews\AppData\Local\arduino\sketches\D313FFA426ACAB69CD5A148870DF315B/..\..\cores\arduino_samd_arduino_zero_native_6ecdf848757e303adc3bde4750780c31\core.a(Print.cpp.o)
 .debug_info    0x0002098e     0x10d2 C:\Users\brews\AppData\Local\arduino\sketches\D313FFA426ACAB69CD5A148870DF315B/..\..\cores\arduino_samd_arduino_zero_native_6ecdf848757e303adc3bde4750780c31\core.a(cortex_handlers.c.o)
 .debug_info    0x00021a60     0x1398 C:\Users\brews\AppData\Local\arduino\sketches\D313FFA426ACAB69CD5A148870DF315B/..\..\cores\arduino_samd_arduino_zero_native_6ecdf848757e303adc3bde4750780c31\core.a(delay.c.o)
 .debug_info    0x00022df8       0x64 C:\Users\brews\AppData\Local\arduino\sketches\D313FFA426ACAB69CD5A148870DF315B/..\..\cores\arduino_samd_arduino_zero_native_6ecdf848757e303adc3bde4750780c31\core.a(hooks.c.o)
 .debug_info    0x00022e5c     0x5c8b C:\Users\brews\AppData\Local\arduino\sketches\D313FFA426ACAB69CD5A148870DF315B/..\..\cores\arduino_samd_arduino_zero_native_6ecdf848757e303adc3bde4750780c31\core.a(main.cpp.o)
 .debug_info    0x00028ae7     0x3494 C:\Users\brews\AppData\Local\arduino\sketches\D313FFA426ACAB69CD5A148870DF315B/..\..\cores\arduino_samd_arduino_zero_native_6ecdf848757e303adc3bde4750780c31\core.a(startup.c.o)
 .debug_info    0x0002bf7b     0x2d66 C:\Users\brews\AppData\Local\arduino\sketches\D313FFA426ACAB69CD5A148870DF315B/..\..\cores\arduino_samd_arduino_zero_native_6ecdf848757e303adc3bde4750780c31\core.a(wiring.c.o)
 .debug_info    0x0002ece1     0x4f2f C:\Users\brews\AppData\Local\arduino\sketches\D313FFA426ACAB69CD5A148870DF315B/..\..\cores\arduino_samd_arduino_zero_native_6ecdf848757e303adc3bde4750780c31\core.a(wiring_analog.c.o)
 .debug_info    0x00033c10     0x1839 C:\Users\brews\AppData\Local\arduino\sketches\D313FFA426ACAB69CD5A148870DF315B/..\..\cores\arduino_samd_arduino_zero_native_6ecdf848757e303adc3bde4750780c31\core.a(wiring_digital.c.o)
 .debug_info    0x00035449     0x17c3 C:\Users\brews\AppData\Local\arduino\sketches\D313FFA426ACAB69CD5A148870DF315B/..\..\cores\arduino_samd_arduino_zero_native_6ecdf848757e303adc3bde4750780c31\core.a(wiring_private.c.o)
 .debug_info    0x00036c0c     0x6251 C:\Users\brews\AppData\Local\arduino\sketches\D313FFA426ACAB69CD5A148870DF315B/..\..\cores\arduino_samd_arduino_zero_native_6ecdf848757e303adc3bde4750780c31\core.a(Reset.cpp.o)
 .debug_info    0x0003ce5d     0xda64 C:\Users\brews\AppData\Local\arduino\sketches\D313FFA426ACAB69CD5A148870DF315B/..\..\cores\arduino_samd_arduino_zero_native_6ecdf848757e303adc3bde4750780c31\core.a(USBCore.cpp.o)
 .debug_info    0x0004a8c1      0x686 C:\Users\brews\AppData\Local\arduino\sketches\D313FFA426ACAB69CD5A148870DF315B/..\..\cores\arduino_samd_arduino_zero_native_6ecdf848757e303adc3bde4750780c31\core.a(PluggableUSB.cpp.o)
 .debug_info    0x0004af47      0xf3b C:\Users\brews\AppData\Local\arduino\sketches\D313FFA426ACAB69CD5A148870DF315B/..\..\cores\arduino_samd_arduino_zero_native_6ecdf848757e303adc3bde4750780c31\core.a(new.cpp.o)
 .debug_info    0x0004be82     0x9971 C:\Users\brews\AppData\Local\arduino\sketches\D313FFA426ACAB69CD5A148870DF315B/..\..\cores\arduino_samd_arduino_zero_native_6ecdf848757e303adc3bde4750780c31\core.a(CDC.cpp.o)

.debug_abbrev   0x00000000     0x6533
 .debug_abbrev  0x00000000      0x63b C:\Users\brews\AppData\Local\arduino\sketches\D313FFA426ACAB69CD5A148870DF315B\sketch\SAMD21J18_Blinky.ino.cpp.o
 .debug_abbrev  0x0000063b      0x60c C:\Users\brews\AppData\Local\arduino\sketches\D313FFA426ACAB69CD5A148870DF315B\core\variant.cpp.o
 .debug_abbrev  0x00000c47      0x836 C:\Users\brews\AppData\Local\arduino\sketches\D313FFA426ACAB69CD5A148870DF315B/..\..\cores\arduino_samd_arduino_zero_native_6ecdf848757e303adc3bde4750780c31\core.a(SERCOM.cpp.o)
 .debug_abbrev  0x0000147d      0x913 C:\Users\brews\AppData\Local\arduino\sketches\D313FFA426ACAB69CD5A148870DF315B/..\..\cores\arduino_samd_arduino_zero_native_6ecdf848757e303adc3bde4750780c31\core.a(Uart.cpp.o)
 .debug_abbrev  0x00001d90      0x72a C:\Users\brews\AppData\Local\arduino\sketches\D313FFA426ACAB69CD5A148870DF315B/..\..\cores\arduino_samd_arduino_zero_native_6ecdf848757e303adc3bde4750780c31\core.a(Print.cpp.o)
 .debug_abbrev  0x000024ba      0x29a C:\Users\brews\AppData\Local\arduino\sketches\D313FFA426ACAB69CD5A148870DF315B/..\..\cores\arduino_samd_arduino_zero_native_6ecdf848757e303adc3bde4750780c31\core.a(cortex_handlers.c.o)
 .debug_abbrev  0x00002754      0x33c C:\Users\brews\AppData\Local\arduino\sketches\D313FFA426ACAB69CD5A148870DF315B/..\..\cores\arduino_samd_arduino_zero_native_6ecdf848757e303adc3bde4750780c31\core.a(delay.c.o)
 .debug_abbrev  0x00002a90       0x49 C:\Users\brews\AppData\Local\arduino\sketches\D313FFA426ACAB69CD5A148870DF315B/..\..\cores\arduino_samd_arduino_zero_native_6ecdf848757e303adc3bde4750780c31\core.a(hooks.c.o)
 .debug_abbrev  0x00002ad9      0x5dd C:\Users\brews\AppData\Local\arduino\sketches\D313FFA426ACAB69CD5A148870DF315B/..\..\cores\arduino_samd_arduino_zero_native_6ecdf848757e303adc3bde4750780c31\core.a(main.cpp.o)
 .debug_abbrev  0x000030b6      0x2ac C:\Users\brews\AppData\Local\arduino\sketches\D313FFA426ACAB69CD5A148870DF315B/..\..\cores\arduino_samd_arduino_zero_native_6ecdf848757e303adc3bde4750780c31\core.a(startup.c.o)
 .debug_abbrev  0x00003362      0x3a1 C:\Users\brews\AppData\Local\arduino\sketches\D313FFA426ACAB69CD5A148870DF315B/..\..\cores\arduino_samd_arduino_zero_native_6ecdf848757e303adc3bde4750780c31\core.a(wiring.c.o)
 .debug_abbrev  0x00003703      0x487 C:\Users\brews\AppData\Local\arduino\sketches\D313FFA426ACAB69CD5A148870DF315B/..\..\cores\arduino_samd_arduino_zero_native_6ecdf848757e303adc3bde4750780c31\core.a(wiring_analog.c.o)
 .debug_abbrev  0x00003b8a      0x339 C:\Users\brews\AppData\Local\arduino\sketches\D313FFA426ACAB69CD5A148870DF315B/..\..\cores\arduino_samd_arduino_zero_native_6ecdf848757e303adc3bde4750780c31\core.a(wiring_digital.c.o)
 .debug_abbrev  0x00003ec3      0x303 C:\Users\brews\AppData\Local\arduino\sketches\D313FFA426ACAB69CD5A148870DF315B/..\..\cores\arduino_samd_arduino_zero_native_6ecdf848757e303adc3bde4750780c31\core.a(wiring_private.c.o)
 .debug_abbrev  0x000041c6      0x671 C:\Users\brews\AppData\Local\arduino\sketches\D313FFA426ACAB69CD5A148870DF315B/..\..\cores\arduino_samd_arduino_zero_native_6ecdf848757e303adc3bde4750780c31\core.a(Reset.cpp.o)
 .debug_abbrev  0x00004837      0xc85 C:\Users\brews\AppData\Local\arduino\sketches\D313FFA426ACAB69CD5A148870DF315B/..\..\cores\arduino_samd_arduino_zero_native_6ecdf848757e303adc3bde4750780c31\core.a(USBCore.cpp.o)
 .debug_abbrev  0x000054bc      0x2b2 C:\Users\brews\AppData\Local\arduino\sketches\D313FFA426ACAB69CD5A148870DF315B/..\..\cores\arduino_samd_arduino_zero_native_6ecdf848757e303adc3bde4750780c31\core.a(PluggableUSB.cpp.o)